Archive member included to satisfy reference by file (symbol)

c:/program files (x86)/cypress/psoc creator/4.3/psoc creator/import/gnu/arm/5.4.1/bin/../lib/gcc/arm-none-eabi/5.4.1/armv7e-m/softfp\libgcc.a(_arm_addsubdf3.o)
                              .\CortexM4\ARM_GCC_541\Debug\lv_printf.o (__aeabi_dsub)
c:/program files (x86)/cypress/psoc creator/4.3/psoc creator/import/gnu/arm/5.4.1/bin/../lib/gcc/arm-none-eabi/5.4.1/armv7e-m/softfp\libgcc.a(_arm_muldivdf3.o)
                              .\CortexM4\ARM_GCC_541\Debug\lv_printf.o (__aeabi_dmul)
c:/program files (x86)/cypress/psoc creator/4.3/psoc creator/import/gnu/arm/5.4.1/bin/../lib/gcc/arm-none-eabi/5.4.1/armv7e-m/softfp\libgcc.a(_arm_cmpdf2.o)
                              .\CortexM4\ARM_GCC_541\Debug\lv_printf.o (__aeabi_dcmpeq)
c:/program files (x86)/cypress/psoc creator/4.3/psoc creator/import/gnu/arm/5.4.1/bin/../lib/gcc/arm-none-eabi/5.4.1/armv7e-m/softfp\libgcc.a(_arm_fixdfsi.o)
                              .\CortexM4\ARM_GCC_541\Debug\lv_printf.o (__aeabi_d2iz)
c:/program files (x86)/cypress/psoc creator/4.3/psoc creator/import/gnu/arm/5.4.1/bin/../lib/gcc/arm-none-eabi/5.4.1/armv7e-m/softfp\libgcc.a(_arm_fixunsdfsi.o)
                              .\CortexM4\ARM_GCC_541\Debug\lv_printf.o (__aeabi_d2uiz)
c:/program files (x86)/cypress/psoc creator/4.3/psoc creator/import/gnu/arm/5.4.1/bin/../lib/gcc/arm-none-eabi/5.4.1/armv7e-m/softfp\libgcc.a(_arm_truncdfsf2.o)
                              .\CortexM4\ARM_GCC_541\Debug\cy_sysclk.o (__aeabi_d2f)
c:/program files (x86)/cypress/psoc creator/4.3/psoc creator/import/gnu/arm/5.4.1/bin/../lib/gcc/arm-none-eabi/5.4.1/armv7e-m/softfp\libgcc.a(_aeabi_uldivmod.o)
                              .\CortexM4\ARM_GCC_541\Debug\lv_printf.o (__aeabi_uldivmod)
c:/program files (x86)/cypress/psoc creator/4.3/psoc creator/import/gnu/arm/5.4.1/bin/../lib/gcc/arm-none-eabi/5.4.1/armv7e-m/softfp\libgcc.a(_udivmoddi4.o)
                              c:/program files (x86)/cypress/psoc creator/4.3/psoc creator/import/gnu/arm/5.4.1/bin/../lib/gcc/arm-none-eabi/5.4.1/armv7e-m/softfp\libgcc.a(_aeabi_uldivmod.o) (__udivmoddi4)
c:/program files (x86)/cypress/psoc creator/4.3/psoc creator/import/gnu/arm/5.4.1/bin/../lib/gcc/arm-none-eabi/5.4.1/armv7e-m/softfp\libgcc.a(_dvmd_tls.o)
                              c:/program files (x86)/cypress/psoc creator/4.3/psoc creator/import/gnu/arm/5.4.1/bin/../lib/gcc/arm-none-eabi/5.4.1/armv7e-m/softfp\libgcc.a(_aeabi_uldivmod.o) (__aeabi_ldiv0)
c:/program files (x86)/cypress/psoc creator/4.3/psoc creator/import/gnu/arm/5.4.1/bin/../lib/gcc/arm-none-eabi/5.4.1/../../../../arm-none-eabi/lib/armv7e-m/softfp\libg_nano.a(lib_a-exit.o)
                              c:/program files (x86)/cypress/psoc creator/4.3/psoc creator/import/gnu/arm/5.4.1/bin/../lib/gcc/arm-none-eabi/5.4.1/../../../../arm-none-eabi/lib/armv7e-m/softfp/crt0.o (exit)
c:/program files (x86)/cypress/psoc creator/4.3/psoc creator/import/gnu/arm/5.4.1/bin/../lib/gcc/arm-none-eabi/5.4.1/../../../../arm-none-eabi/lib/armv7e-m/softfp\libg_nano.a(lib_a-impure.o)
                              c:/program files (x86)/cypress/psoc creator/4.3/psoc creator/import/gnu/arm/5.4.1/bin/../lib/gcc/arm-none-eabi/5.4.1/../../../../arm-none-eabi/lib/armv7e-m/softfp\libg_nano.a(lib_a-exit.o) (_global_impure_ptr)
c:/program files (x86)/cypress/psoc creator/4.3/psoc creator/import/gnu/arm/5.4.1/bin/../lib/gcc/arm-none-eabi/5.4.1/../../../../arm-none-eabi/lib/armv7e-m/softfp\libg_nano.a(lib_a-init.o)
                              c:/program files (x86)/cypress/psoc creator/4.3/psoc creator/import/gnu/arm/5.4.1/bin/../lib/gcc/arm-none-eabi/5.4.1/../../../../arm-none-eabi/lib/armv7e-m/softfp/crt0.o (__libc_init_array)
c:/program files (x86)/cypress/psoc creator/4.3/psoc creator/import/gnu/arm/5.4.1/bin/../lib/gcc/arm-none-eabi/5.4.1/../../../../arm-none-eabi/lib/armv7e-m/softfp\libg_nano.a(lib_a-memcpy-stub.o)
                              .\CortexM4\ARM_GCC_541\Debug\lv_obj.o (memcpy)
c:/program files (x86)/cypress/psoc creator/4.3/psoc creator/import/gnu/arm/5.4.1/bin/../lib/gcc/arm-none-eabi/5.4.1/../../../../arm-none-eabi/lib/armv7e-m/softfp\libg_nano.a(lib_a-memset.o)
                              c:/program files (x86)/cypress/psoc creator/4.3/psoc creator/import/gnu/arm/5.4.1/bin/../lib/gcc/arm-none-eabi/5.4.1/../../../../arm-none-eabi/lib/armv7e-m/softfp/crt0.o (memset)
c:/program files (x86)/cypress/psoc creator/4.3/psoc creator/import/gnu/arm/5.4.1/bin/../lib/gcc/arm-none-eabi/5.4.1/../../../../arm-none-eabi/lib/armv7e-m/softfp\libg_nano.a(lib_a-printf.o)
                              .\CortexM4\ARM_GCC_541\Debug\home_screen.o (printf)
c:/program files (x86)/cypress/psoc creator/4.3/psoc creator/import/gnu/arm/5.4.1/bin/../lib/gcc/arm-none-eabi/5.4.1/../../../../arm-none-eabi/lib/armv7e-m/softfp\libg_nano.a(lib_a-snprintf.o)
                              .\CortexM4\ARM_GCC_541\Debug\home_screen.o (snprintf)
[...]
Memory Configuration

Name             Origin             Length             Attributes
ram              0x08024000         0x00023800         xrw
flash            0x10010000         0x000f0000         xr
em_eeprom        0x14000000         0x00008000         xr
sflash_user_data 0x16000800         0x00000800         xr
sflash_nar       0x16001a00         0x00000200         xr
sflash_public_key 0x16005a00         0x00000c00         xr
sflash_toc_2     0x16007c00         0x00000200         xr
sflash_rtoc_2    0x16007e00         0x00000200         xr
xip              0x18000000         0x08000000         xr
efuse            0x90700000         0x00100000         r
*default*        0x00000000         0xffffffff

Linker script and memory map

LOAD c:/program files (x86)/cypress/psoc creator/4.3/psoc creator/import/gnu/arm/5.4.1/bin/../lib/gcc/arm-none-eabi/5.4.1/armv7e-m/softfp/crti.o
LOAD c:/program files (x86)/cypress/psoc creator/4.3/psoc creator/import/gnu/arm/5.4.1/bin/../lib/gcc/arm-none-eabi/5.4.1/armv7e-m/softfp/crtbegin.o
LOAD c:/program files (x86)/cypress/psoc creator/4.3/psoc creator/import/gnu/arm/5.4.1/bin/../lib/gcc/arm-none-eabi/5.4.1/../../../../arm-none-eabi/lib/armv7e-m/softfp/crt0.o
START GROUP
LOAD .\CortexM4\ARM_GCC_541\Debug\startup_psoc6_01_cm4.o
LOAD .\CortexM4\ARM_GCC_541\Debug\lv_debug.o
LOAD .\CortexM4\ARM_GCC_541\Debug\lv_disp.o
LOAD .\CortexM4\ARM_GCC_541\Debug\lv_group.o
LOAD .\CortexM4\ARM_GCC_541\Debug\lv_indev.o
LOAD .\CortexM4\ARM_GCC_541\Debug\lv_obj.o
LOAD .\CortexM4\ARM_GCC_541\Debug\lv_refr.o
LOAD .\CortexM4\ARM_GCC_541\Debug\lv_style.o
LOAD .\CortexM4\ARM_GCC_541\Debug\lv_draw.o
LOAD .\CortexM4\ARM_GCC_541\Debug\lv_draw_arc.o
LOAD .\CortexM4\ARM_GCC_541\Debug\lv_draw_basic.o
LOAD .\CortexM4\ARM_GCC_541\Debug\lv_draw_img.o
LOAD .\CortexM4\ARM_GCC_541\Debug\lv_draw_label.o
LOAD .\CortexM4\ARM_GCC_541\Debug\lv_draw_line.o
LOAD .\CortexM4\ARM_GCC_541\Debug\lv_draw_rect.o
LOAD .\CortexM4\ARM_GCC_541\Debug\lv_draw_triangle.o
LOAD .\CortexM4\ARM_GCC_541\Debug\lv_img_cache.o
LOAD .\CortexM4\ARM_GCC_541\Debug\lv_img_decoder.o
LOAD .\CortexM4\ARM_GCC_541\Debug\lv_font.o
LOAD .\CortexM4\ARM_GCC_541\Debug\lv_font_fmt_txt.o
LOAD .\CortexM4\ARM_GCC_541\Debug\lv_font_roboto_12.o
LOAD .\CortexM4\ARM_GCC_541\Debug\lv_font_roboto_12_subpx.o
LOAD .\CortexM4\ARM_GCC_541\Debug\lv_font_roboto_16.o
LOAD .\CortexM4\ARM_GCC_541\Debug\lv_font_roboto_22.o
LOAD .\CortexM4\ARM_GCC_541\Debug\lv_font_roboto_28.o
LOAD .\CortexM4\ARM_GCC_541\Debug\lv_font_roboto_28_compressed.o
LOAD .\CortexM4\ARM_GCC_541\Debug\lv_font_unscii_8.o
LOAD .\CortexM4\ARM_GCC_541\Debug\lv_hal_disp.o
LOAD .\CortexM4\ARM_GCC_541\Debug\lv_hal_indev.o
LOAD .\CortexM4\ARM_GCC_541\Debug\lv_hal_tick.o
LOAD .\CortexM4\ARM_GCC_541\Debug\lv_anim.o
LOAD .\CortexM4\ARM_GCC_541\Debug\lv_area.o
LOAD .\CortexM4\ARM_GCC_541\Debug\lv_async.o
LOAD .\CortexM4\ARM_GCC_541\Debug\lv_bidi.o
LOAD .\CortexM4\ARM_GCC_541\Debug\lv_circ.o
LOAD .\CortexM4\ARM_GCC_541\Debug\lv_color.o
LOAD .\CortexM4\ARM_GCC_541\Debug\lv_fs.o
LOAD .\CortexM4\ARM_GCC_541\Debug\lv_gc.o
LOAD .\CortexM4\ARM_GCC_541\Debug\lv_ll.o
LOAD .\CortexM4\ARM_GCC_541\Debug\lv_log.o
LOAD .\CortexM4\ARM_GCC_541\Debug\lv_math.o
LOAD .\CortexM4\ARM_GCC_541\Debug\lv_mem.o
LOAD .\CortexM4\ARM_GCC_541\Debug\lv_printf.o
LOAD .\CortexM4\ARM_GCC_541\Debug\lv_task.o
LOAD .\CortexM4\ARM_GCC_541\Debug\lv_templ.o
LOAD .\CortexM4\ARM_GCC_541\Debug\lv_txt.o
LOAD .\CortexM4\ARM_GCC_541\Debug\lv_utils.o
LOAD .\CortexM4\ARM_GCC_541\Debug\lv_arc.o
LOAD .\CortexM4\ARM_GCC_541\Debug\lv_bar.o
LOAD .\CortexM4\ARM_GCC_541\Debug\lv_btn.o
LOAD .\CortexM4\ARM_GCC_541\Debug\lv_btnm.o
LOAD .\CortexM4\ARM_GCC_541\Debug\lv_calendar.o
LOAD .\CortexM4\ARM_GCC_541\Debug\lv_canvas.o
LOAD .\CortexM4\ARM_GCC_541\Debug\lv_cb.o
LOAD .\CortexM4\ARM_GCC_541\Debug\lv_chart.o
LOAD .\CortexM4\ARM_GCC_541\Debug\lv_cont.o
LOAD .\CortexM4\ARM_GCC_541\Debug\lv_cpicker.o
LOAD .\CortexM4\ARM_GCC_541\Debug\lv_ddlist.o
LOAD .\CortexM4\ARM_GCC_541\Debug\lv_gauge.o
LOAD .\CortexM4\ARM_GCC_541\Debug\lv_img.o
LOAD .\CortexM4\ARM_GCC_541\Debug\lv_imgbtn.o
LOAD .\CortexM4\ARM_GCC_541\Debug\lv_kb.o
LOAD .\CortexM4\ARM_GCC_541\Debug\lv_label.o
LOAD .\CortexM4\ARM_GCC_541\Debug\lv_led.o
LOAD .\CortexM4\ARM_GCC_541\Debug\lv_line.o
LOAD .\CortexM4\ARM_GCC_541\Debug\lv_list.o
LOAD .\CortexM4\ARM_GCC_541\Debug\lv_lmeter.o
LOAD .\CortexM4\ARM_GCC_541\Debug\lv_mbox.o
LOAD .\CortexM4\ARM_GCC_541\Debug\lv_objx_templ.o
LOAD .\CortexM4\ARM_GCC_541\Debug\lv_page.o
LOAD .\CortexM4\ARM_GCC_541\Debug\lv_preload.o
LOAD .\CortexM4\ARM_GCC_541\Debug\lv_roller.o
LOAD .\CortexM4\ARM_GCC_541\Debug\lv_slider.o
LOAD .\CortexM4\ARM_GCC_541\Debug\lv_spinbox.o
LOAD .\CortexM4\ARM_GCC_541\Debug\lv_sw.o
LOAD .\CortexM4\ARM_GCC_541\Debug\lv_ta.o
LOAD .\CortexM4\ARM_GCC_541\Debug\lv_table.o
LOAD .\CortexM4\ARM_GCC_541\Debug\lv_tabview.o
LOAD .\CortexM4\ARM_GCC_541\Debug\lv_tileview.o
LOAD .\CortexM4\ARM_GCC_541\Debug\lv_win.o
LOAD .\CortexM4\ARM_GCC_541\Debug\lv_theme.o
LOAD .\CortexM4\ARM_GCC_541\Debug\lv_theme_alien.o
LOAD .\CortexM4\ARM_GCC_541\Debug\lv_theme_default.o
LOAD .\CortexM4\ARM_GCC_541\Debug\lv_theme_material.o
LOAD .\CortexM4\ARM_GCC_541\Debug\lv_theme_mono.o
LOAD .\CortexM4\ARM_GCC_541\Debug\lv_theme_nemo.o
LOAD .\CortexM4\ARM_GCC_541\Debug\lv_theme_night.o
LOAD .\CortexM4\ARM_GCC_541\Debug\lv_theme_templ.o
LOAD .\CortexM4\ARM_GCC_541\Debug\lv_theme_zen.o
LOAD .\CortexM4\ARM_GCC_541\Debug\slider_activity.o
LOAD .\CortexM4\ARM_GCC_541\Debug\touchpad_glue.o
LOAD .\CortexM4\ARM_GCC_541\Debug\display_glue.o
LOAD .\CortexM4\ARM_GCC_541\Debug\main_cm4.o
LOAD .\CortexM4\ARM_GCC_541\Debug\home_screen.o
LOAD .\CortexM4\ARM_GCC_541\Debug\breath_activity.o
LOAD .\CortexM4\ARM_GCC_541\Debug\time_date_activity.o
LOAD .\CortexM4\ARM_GCC_541\Debug\system_psoc6_cm4.o
LOAD .\CortexM4\ARM_GCC_541\Debug\cyfitter_sysint_cfg.o
LOAD .\CortexM4\ARM_GCC_541\Debug\cymetadata.o
LOAD .\CortexM4\ARM_GCC_541\Debug\cy_efuse.o
LOAD .\CortexM4\ARM_GCC_541\Debug\cy_flash.o
LOAD .\CortexM4\ARM_GCC_541\Debug\cy_gpio.o
LOAD .\CortexM4\ARM_GCC_541\Debug\cy_ipc_drv.o
LOAD .\CortexM4\ARM_GCC_541\Debug\cy_ipc_sema.o
LOAD .\CortexM4\ARM_GCC_541\Debug\cy_ipc_pipe.o
LOAD .\CortexM4\ARM_GCC_541\Debug\cy_lvd.o
LOAD .\CortexM4\ARM_GCC_541\Debug\cy_profile.o
LOAD .\CortexM4\ARM_GCC_541\Debug\cy_prot.o
LOAD .\CortexM4\ARM_GCC_541\Debug\cy_sysanalog.o
LOAD .\CortexM4\ARM_GCC_541\Debug\cy_sysclk.o
LOAD .\CortexM4\ARM_GCC_541\Debug\cy_sysint.o
LOAD .\CortexM4\ARM_GCC_541\Debug\cy_syslib.o
LOAD .\CortexM4\ARM_GCC_541\Debug\cy_syslib_gcc.o
LOAD .\CortexM4\ARM_GCC_541\Debug\cy_syspm.o
LOAD .\CortexM4\ARM_GCC_541\Debug\cy_systick.o
LOAD .\CortexM4\ARM_GCC_541\Debug\cy_trigmux.o
LOAD .\CortexM4\ARM_GCC_541\Debug\cy_wdt.o
LOAD .\CortexM4\ARM_GCC_541\Debug\cy_device.o
LOAD .\CortexM4\ARM_GCC_541\Debug\cy_scb_common.o
LOAD .\CortexM4\ARM_GCC_541\Debug\cy_scb_i2c.o
LOAD .\CortexM4\ARM_GCC_541\Debug\cy_scb_ezi2c.o
LOAD .\CortexM4\ARM_GCC_541\Debug\cy_scb_spi.o
LOAD .\CortexM4\ARM_GCC_541\Debug\cy_scb_uart.o
LOAD .\CortexM4\ARM_GCC_541\Debug\cy_tcpwm_counter.o
LOAD .\CortexM4\ARM_GCC_541\Debug\cy_tcpwm_pwm.o
LOAD .\CortexM4\ARM_GCC_541\Debug\cy_tcpwm_quaddec.o
LOAD .\CortexM4\ARM_GCC_541\Debug\cy_ble_clk.o
LOAD .\CortexM4\ARM_GCC_541\Debug\DISP_TICK_TIMER.o
LOAD .\CortexM4\ARM_GCC_541\Debug\I2C_MASTER.o
LOAD .\CortexM4\ARM_GCC_541\Debug\LCD_INTERFACE.o
LOAD .\CortexM4\ARM_GCC_541\Debug\LCD_INTERFACE_PM.o
LOAD .\CortexM4\ARM_GCC_541\Debug\SPIM.o
END GROUP
START GROUP
LOAD c:/program files (x86)/cypress/psoc creator/4.3/psoc creator/import/gnu/arm/5.4.1/bin/../lib/gcc/arm-none-eabi/5.4.1/armv7e-m/softfp\libgcc.a
LOAD c:/program files (x86)/cypress/psoc creator/4.3/psoc creator/import/gnu/arm/5.4.1/bin/../lib/gcc/arm-none-eabi/5.4.1/../../../../arm-none-eabi/lib/armv7e-m/softfp\libg_nano.a
LOAD c:/program files (x86)/cypress/psoc creator/4.3/psoc creator/import/gnu/arm/5.4.1/bin/../lib/gcc/arm-none-eabi/5.4.1/../../../../arm-none-eabi/lib/armv7e-m/softfp\libc_nano.a
END GROUP
START GROUP
LOAD c:/program files (x86)/cypress/psoc creator/4.3/psoc creator/import/gnu/arm/5.4.1/bin/../lib/gcc/arm-none-eabi/5.4.1/armv7e-m/softfp\libgcc.a
LOAD c:/program files (x86)/cypress/psoc creator/4.3/psoc creator/import/gnu/arm/5.4.1/bin/../lib/gcc/arm-none-eabi/5.4.1/../../../../arm-none-eabi/lib/armv7e-m/softfp\libc_nano.a
END GROUP
LOAD c:/program files (x86)/cypress/psoc creator/4.3/psoc creator/import/gnu/arm/5.4.1/bin/../lib/gcc/arm-none-eabi/5.4.1/armv7e-m/softfp/crtend.o
LOAD c:/program files (x86)/cypress/psoc creator/4.3/psoc creator/import/gnu/arm/5.4.1/bin/../lib/gcc/arm-none-eabi/5.4.1/armv7e-m/softfp/crtn.o
START GROUP
LOAD c:/program files (x86)/cypress/psoc creator/4.3/psoc creator/import/gnu/arm/5.4.1/bin/../lib/gcc/arm-none-eabi/5.4.1/armv7e-m/softfp\libgcc.a
LOAD c:/program files (x86)/cypress/psoc creator/4.3/psoc creator/import/gnu/arm/5.4.1/bin/../lib/gcc/arm-none-eabi/5.4.1/../../../../arm-none-eabi/lib/armv7e-m/softfp\libc.a
LOAD c:/program files (x86)/cypress/psoc creator/4.3/psoc creator/import/gnu/arm/5.4.1/bin/../lib/gcc/arm-none-eabi/5.4.1/../../../../arm-none-eabi/lib/armv7e-m/softfp\libnosys.a
END GROUP
START GROUP
LOAD c:/program files (x86)/cypress/psoc creator/4.3/psoc creator/import/gnu/arm/5.4.1/bin/../lib/gcc/arm-none-eabi/5.4.1/armv7e-m/softfp\libgcc.a
LOAD c:/program files (x86)/cypress/psoc creator/4.3/psoc creator/import/gnu/arm/5.4.1/bin/../lib/gcc/arm-none-eabi/5.4.1/../../../../arm-none-eabi/lib/armv7e-m/softfp\libc.a
LOAD c:/program files (x86)/cypress/psoc creator/4.3/psoc creator/import/gnu/arm/5.4.1/bin/../lib/gcc/arm-none-eabi/5.4.1/../../../../arm-none-eabi/lib/armv7e-m/softfp\libm.a
LOAD c:/program files (x86)/cypress/psoc creator/4.3/psoc creator/import/gnu/arm/5.4.1/bin/../lib/gcc/arm-none-eabi/5.4.1/../../../../arm-none-eabi/lib/armv7e-m/softfp\libnosys.a
END GROUP

.text           0x10010000    0x1e848
                0x10010000                . = ALIGN (0x4)
                0x10010000                __Vectors = .
 *(.vectors)
 .vectors       0x10010000      0x28c .\CortexM4\ARM_GCC_541\Debug\startup_psoc6_01_cm4.o
                0x1001028c                . = ALIGN (0x4)
                0x1001028c                __Vectors_End = .
                0x0000028c                __Vectors_Size = (__Vectors_End - __Vectors)
                0x1001028c                __end__ = .
                0x1001028c                . = ALIGN (0x4)
 *(.text*)
 .text          0x1001028c       0x5c c:/program files (x86)/cypress/psoc creator/4.3/psoc creator/import/gnu/arm/5.4.1/bin/../lib/gcc/arm-none-eabi/5.4.1/armv7e-m/softfp/crtbegin.o
 .text          0x100102e8       0x84 .\CortexM4\ARM_GCC_541\Debug\startup_psoc6_01_cm4.o
                0x100102e8                Cy_OnResetUser
                0x100102ea                Reset_Handler
                0x1001034c                cpuss_interrupts_ipc_6_IRQHandler
                0x1001034c                DebugMon_Handler
                0x1001034c                tcpwm_1_interrupts_11_IRQHandler
                0x1001034c                cpuss_interrupts_ipc_0_IRQHandler
                0x1001034c                tcpwm_1_interrupts_15_IRQHandler
                0x1001034c                ioss_interrupts_gpio_13_IRQHandler
                0x1001034c                tcpwm_1_interrupts_13_IRQHandler
                0x1001034c                cpuss_interrupts_dw1_8_IRQHandler
                0x1001034c                tcpwm_0_interrupts_0_IRQHandler
                0x1001034c                SysTick_Handler
                0x1001034c                cpuss_interrupt_fm_IRQHandler
                0x1001034c                cpuss_interrupts_ipc_7_IRQHandler
                0x1001034c                tcpwm_1_interrupts_14_IRQHandler
                0x1001034c                cpuss_interrupts_dw0_5_IRQHandler
                0x1001034c                tcpwm_1_interrupts_9_IRQHandler
                0x1001034c                cpuss_interrupts_cm0_cti_1_IRQHandler
                0x1001034c                tcpwm_1_interrupts_22_IRQHandler
                0x1001034c                cpuss_interrupts_dw0_4_IRQHandler
                0x1001034c                PendSV_Handler
                0x1001034c                NMI_Handler
                0x1001034c                cpuss_interrupts_dw1_12_IRQHandler
                0x1001034c                tcpwm_1_interrupts_12_IRQHandler
                0x1001034c                smif_interrupt_IRQHandler
                0x1001034c                tcpwm_1_interrupts_2_IRQHandler
                0x1001034c                cpuss_interrupts_ipc_13_IRQHandler
                0x1001034c                udb_interrupts_11_IRQHandler
                0x1001034c                tcpwm_1_interrupts_18_IRQHandler
                0x1001034c                cpuss_interrupts_dw0_11_IRQHandler
                0x1001034c                tcpwm_0_interrupts_2_IRQHandler
                0x1001034c                cpuss_interrupts_dw0_13_IRQHandler
                0x1001034c                udb_interrupts_2_IRQHandler
                0x1001034c                cpuss_interrupts_dw1_7_IRQHandler
                0x1001034c                ioss_interrupts_gpio_1_IRQHandler
                0x1001034c                ioss_interrupts_gpio_7_IRQHandler
                0x1001034c                scb_5_interrupt_IRQHandler
                0x1001034c                udb_interrupts_6_IRQHandler
                0x1001034c                cpuss_interrupts_fault_1_IRQHandler
                0x1001034c                cpuss_interrupts_ipc_4_IRQHandler
                0x1001034c                cpuss_interrupts_ipc_5_IRQHandler
                0x1001034c                cpuss_interrupts_dw1_10_IRQHandler
                0x1001034c                udb_interrupts_0_IRQHandler
                0x1001034c                tcpwm_1_interrupts_6_IRQHandler
                0x1001034c                scb_4_interrupt_IRQHandler
                0x1001034c                pass_interrupt_dacs_IRQHandler
                0x1001034c                ioss_interrupts_gpio_2_IRQHandler
                0x1001034c                cpuss_interrupts_dw1_9_IRQHandler
                0x1001034c                cpuss_interrupts_dw1_13_IRQHandler
                0x1001034c                scb_2_interrupt_IRQHandler
                0x1001034c                cpuss_interrupts_cm0_cti_0_IRQHandler
                0x1001034c                udb_interrupts_5_IRQHandler
                0x1001034c                srss_interrupt_IRQHandler
                0x1001034c                udb_interrupts_12_IRQHandler
                0x1001034c                scb_0_interrupt_IRQHandler
                0x1001034c                csd_interrupt_IRQHandler
                0x1001034c                udb_interrupts_1_IRQHandler
                0x1001034c                profile_interrupt_IRQHandler
                0x1001034c                tcpwm_1_interrupts_1_IRQHandler
                0x1001034c                cpuss_interrupts_ipc_12_IRQHandler
                0x1001034c                tcpwm_1_interrupts_3_IRQHandler
                0x1001034c                tcpwm_0_interrupts_7_IRQHandler
                0x1001034c                cpuss_interrupts_dw1_1_IRQHandler
                0x1001034c                cpuss_interrupts_dw1_0_IRQHandler
                0x1001034c                cpuss_interrupts_dw0_9_IRQHandler
                0x1001034c                lpcomp_interrupt_IRQHandler
                0x1001034c                tcpwm_1_interrupts_23_IRQHandler
                0x1001034c                udb_interrupts_4_IRQHandler
                0x1001034c                tcpwm_1_interrupts_20_IRQHandler
                0x1001034c                ioss_interrupt_gpio_IRQHandler
                0x1001034c                tcpwm_0_interrupts_1_IRQHandler
                0x1001034c                ioss_interrupts_gpio_8_IRQHandler
                0x1001034c                tcpwm_0_interrupts_6_IRQHandler
                0x1001034c                scb_7_interrupt_IRQHandler
                0x1001034c                tcpwm_1_interrupts_7_IRQHandler
                0x1001034c                cpuss_interrupts_ipc_11_IRQHandler
                0x1001034c                udb_interrupts_13_IRQHandler
                0x1001034c                cpuss_interrupts_dw0_15_IRQHandler
                0x1001034c                udb_interrupts_7_IRQHandler
                0x1001034c                cpuss_interrupts_dw1_6_IRQHandler
                0x1001034c                cpuss_interrupt_crypto_IRQHandler
                0x1001034c                scb_1_interrupt_IRQHandler
                0x1001034c                Default_Handler
                0x1001034c                usb_interrupt_hi_IRQHandler
                0x1001034c                tcpwm_1_interrupts_0_IRQHandler
                0x1001034c                udb_interrupts_9_IRQHandler
                0x1001034c                audioss_interrupt_pdm_IRQHandler
                0x1001034c                srss_interrupt_mcwdt_0_IRQHandler
                0x1001034c                scb_3_interrupt_IRQHandler
                0x1001034c                pass_interrupt_ctbs_IRQHandler
                0x1001034c                udb_interrupts_8_IRQHandler
                0x1001034c                ioss_interrupts_gpio_3_IRQHandler
                0x1001034c                scb_6_interrupt_IRQHandler
                0x1001034c                cpuss_interrupts_cm4_cti_0_IRQHandler
                0x1001034c                cpuss_interrupts_dw1_3_IRQHandler
                0x1001034c                pass_interrupt_sar_IRQHandler
                0x1001034c                ioss_interrupts_gpio_0_IRQHandler
                0x1001034c                ioss_interrupts_gpio_14_IRQHandler
                0x1001034c                tcpwm_0_interrupts_4_IRQHandler
                0x1001034c                udb_interrupts_3_IRQHandler
                0x1001034c                tcpwm_0_interrupts_5_IRQHandler
                0x1001034c                cpuss_interrupts_ipc_15_IRQHandler
                0x1001034c                cpuss_interrupts_cm4_cti_1_IRQHandler
                0x1001034c                scb_8_interrupt_IRQHandler
                0x1001034c                srss_interrupt_mcwdt_1_IRQHandler
                0x1001034c                cpuss_interrupts_dw1_2_IRQHandler
                0x1001034c                SVC_Handler
                0x1001034c                cpuss_interrupts_dw1_5_IRQHandler
                0x1001034c                cpuss_interrupts_ipc_1_IRQHandler
                0x1001034c                cpuss_interrupts_dw0_0_IRQHandler
                0x1001034c                ioss_interrupts_gpio_12_IRQHandler
                0x1001034c                cpuss_interrupts_ipc_3_IRQHandler
                0x1001034c                tcpwm_1_interrupts_17_IRQHandler
                0x1001034c                srss_interrupt_backup_IRQHandler
                0x1001034c                bless_interrupt_IRQHandler
                0x1001034c                cpuss_interrupts_ipc_10_IRQHandler
                0x1001034c                cpuss_interrupts_ipc_9_IRQHandler
                0x1001034c                cpuss_interrupts_dw0_14_IRQHandler
                0x1001034c                tcpwm_1_interrupts_4_IRQHandler
                0x1001034c                tcpwm_0_interrupts_3_IRQHandler
                0x1001034c                cpuss_interrupts_dw1_15_IRQHandler
                0x1001034c                ioss_interrupts_gpio_10_IRQHandler
                0x1001034c                udb_interrupts_10_IRQHandler
                0x1001034c                cpuss_interrupts_dw0_8_IRQHandler
                0x1001034c                ioss_interrupts_gpio_11_IRQHandler
                0x1001034c                cpuss_interrupts_ipc_14_IRQHandler
                0x1001034c                ioss_interrupts_gpio_5_IRQHandler
                0x1001034c                ioss_interrupts_gpio_4_IRQHandler
                0x1001034c                tcpwm_1_interrupts_8_IRQHandler
                0x1001034c                cpuss_interrupts_dw1_14_IRQHandler
                0x1001034c                usb_interrupt_med_IRQHandler
                0x1001034c                cpuss_interrupts_dw0_2_IRQHandler
                0x1001034c                tcpwm_1_interrupts_10_IRQHandler
                0x1001034c                cpuss_interrupts_fault_0_IRQHandler
                0x1001034c                cpuss_interrupts_dw0_12_IRQHandler
                0x1001034c                ioss_interrupts_gpio_6_IRQHandler
                0x1001034c                tcpwm_1_interrupts_21_IRQHandler
                0x1001034c                tcpwm_1_interrupts_16_IRQHandler
                0x1001034c                cpuss_interrupts_dw1_4_IRQHandler
                0x1001034c                udb_interrupts_15_IRQHandler
                0x1001034c                cpuss_interrupts_dw1_11_IRQHandler
                0x1001034c                cpuss_interrupts_dw0_6_IRQHandler
                0x1001034c                ioss_interrupt_vdd_IRQHandler
                0x1001034c                cpuss_interrupts_dw0_7_IRQHandler
                0x1001034c                audioss_interrupt_i2s_IRQHandler
                0x1001034c                tcpwm_1_interrupts_5_IRQHandler
                0x1001034c                cpuss_interrupts_ipc_2_IRQHandler
                0x1001034c                cpuss_interrupts_dw0_10_IRQHandler
                0x1001034c                tcpwm_1_interrupts_19_IRQHandler
                0x1001034c                cpuss_interrupts_dw0_1_IRQHandler
                0x1001034c                ioss_interrupts_gpio_9_IRQHandler
                0x1001034c                usb_interrupt_lo_IRQHandler
                0x1001034c                cpuss_interrupts_ipc_8_IRQHandler
                0x1001034c                udb_interrupts_14_IRQHandler
                0x1001034c                cpuss_interrupts_dw0_3_IRQHandler
                0x10010350                UsageFault_Handler
                0x10010350                HardFault_Handler
                0x10010350                MemManage_Handler
                0x10010350                BusFault_Handler
 .text.lv_disp_get_scr_act
                0x1001036c       0x2c .\CortexM4\ARM_GCC_541\Debug\lv_disp.o
                0x1001036c                lv_disp_get_scr_act
 .text.lv_disp_get_layer_top
                0x10010398       0x2c .\CortexM4\ARM_GCC_541\Debug\lv_disp.o
                0x10010398                lv_disp_get_layer_top
 .text.lv_disp_get_layer_sys
                0x100103c4       0x2c .\CortexM4\ARM_GCC_541\Debug\lv_disp.o
                0x100103c4                lv_disp_get_layer_sys
 .text.lv_indev_init
                0x100103f0       0x10 .\CortexM4\ARM_GCC_541\Debug\lv_indev.o
                0x100103f0                lv_indev_init
 .text.lv_indev_read_task
                0x10010400      0x144 .\CortexM4\ARM_GCC_541\Debug\lv_indev.o
                0x10010400                lv_indev_read_task
 .text.lv_indev_get_act
                0x10010544       0x18 .\CortexM4\ARM_GCC_541\Debug\lv_indev.o
                0x10010544                lv_indev_get_act
 .text.lv_indev_reset
                0x1001055c       0x4c .\CortexM4\ARM_GCC_541\Debug\lv_indev.o
                0x1001055c                lv_indev_reset
 .text.lv_indev_get_point
                0x100105a8       0x4c .\CortexM4\ARM_GCC_541\Debug\lv_indev.o
                0x100105a8                lv_indev_get_point
 .text.indev_pointer_proc
                0x100105f4       0x98 .\CortexM4\ARM_GCC_541\Debug\lv_indev.o
 .text.indev_keypad_proc
                0x1001068c       0x18 .\CortexM4\ARM_GCC_541\Debug\lv_indev.o
 .text.indev_encoder_proc
                0x100106a4       0x18 .\CortexM4\ARM_GCC_541\Debug\lv_indev.o
 .text.indev_button_proc
                0x100106bc       0x8c .\CortexM4\ARM_GCC_541\Debug\lv_indev.o
 .text.indev_proc_press
                0x10010748      0x518 .\CortexM4\ARM_GCC_541\Debug\lv_indev.o
 .text.indev_proc_release
                0x10010c60      0x2e0 .\CortexM4\ARM_GCC_541\Debug\lv_indev.o
 .text.indev_proc_reset_query_handler
                0x10010f40       0x9c .\CortexM4\ARM_GCC_541\Debug\lv_indev.o
 .text.indev_search_obj
                0x10010fdc       0xa8 .\CortexM4\ARM_GCC_541\Debug\lv_indev.o
 .text.indev_drag
                0x10011084      0x314 .\CortexM4\ARM_GCC_541\Debug\lv_indev.o
 .text.indev_drag_throw
                0x10011398      0x284 .\CortexM4\ARM_GCC_541\Debug\lv_indev.o
 .text.indev_reset_check
                0x1001161c       0x44 .\CortexM4\ARM_GCC_541\Debug\lv_indev.o
 .text.lv_area_copy
                0x10011660       0x1c .\CortexM4\ARM_GCC_541\Debug\lv_obj.o
 .text.lv_area_get_width
                0x1001167c       0x30 .\CortexM4\ARM_GCC_541\Debug\lv_obj.o
 .text.lv_area_get_height
                0x100116ac       0x30 .\CortexM4\ARM_GCC_541\Debug\lv_obj.o
 .text.lv_init  0x100116dc       0x58 .\CortexM4\ARM_GCC_541\Debug\lv_obj.o
                0x100116dc                lv_init
 .text.lv_obj_create
                0x10011734      0x4fc .\CortexM4\ARM_GCC_541\Debug\lv_obj.o
                0x10011734                lv_obj_create
 .text.lv_obj_invalidate_area
                0x10011c30      0x144 .\CortexM4\ARM_GCC_541\Debug\lv_obj.o
                0x10011c30                lv_obj_invalidate_area
 .text.lv_obj_invalidate
                0x10011d74       0x74 .\CortexM4\ARM_GCC_541\Debug\lv_obj.o
                0x10011d74                lv_obj_invalidate
 .text.lv_obj_move_foreground
                0x10011de8       0x54 .\CortexM4\ARM_GCC_541\Debug\lv_obj.o
                0x10011de8                lv_obj_move_foreground
 .text.lv_obj_set_pos
                0x10011e3c      0x118 .\CortexM4\ARM_GCC_541\Debug\lv_obj.o
                0x10011e3c                lv_obj_set_pos
 .text.lv_obj_set_x
                0x10011f54       0x2c .\CortexM4\ARM_GCC_541\Debug\lv_obj.o
                0x10011f54                lv_obj_set_x
 .text.lv_obj_set_y
                0x10011f80       0x2c .\CortexM4\ARM_GCC_541\Debug\lv_obj.o
                0x10011f80                lv_obj_set_y
 .text.lv_obj_set_size
                0x10011fac      0x118 .\CortexM4\ARM_GCC_541\Debug\lv_obj.o
                0x10011fac                lv_obj_set_size
 .text.lv_obj_set_height
                0x100120c4       0x2c .\CortexM4\ARM_GCC_541\Debug\lv_obj.o
                0x100120c4                lv_obj_set_height
 .text.lv_obj_align
                0x100120f0      0x4c8 .\CortexM4\ARM_GCC_541\Debug\lv_obj.o
                0x100120f0                lv_obj_align
 .text.lv_obj_align_origo
                0x100125b8      0x420 .\CortexM4\ARM_GCC_541\Debug\lv_obj.o
                0x100125b8                lv_obj_align_origo
 .text.lv_obj_realign
                0x100129d8       0x64 .\CortexM4\ARM_GCC_541\Debug\lv_obj.o
                0x100129d8                lv_obj_realign
 .text.lv_obj_set_auto_realign
                0x10012a3c       0x30 .\CortexM4\ARM_GCC_541\Debug\lv_obj.o
                0x10012a3c                lv_obj_set_auto_realign
 .text.lv_obj_set_style
                0x10012a6c       0x24 .\CortexM4\ARM_GCC_541\Debug\lv_obj.o
                0x10012a6c                lv_obj_set_style
 .text.lv_obj_refresh_style
                0x10012a90       0x28 .\CortexM4\ARM_GCC_541\Debug\lv_obj.o
                0x10012a90                lv_obj_refresh_style
 .text.lv_obj_report_style_mod
                0x10012ab8       0x68 .\CortexM4\ARM_GCC_541\Debug\lv_obj.o
                0x10012ab8                lv_obj_report_style_mod
 .text.lv_obj_set_click
                0x10012b20       0x30 .\CortexM4\ARM_GCC_541\Debug\lv_obj.o
                0x10012b20                lv_obj_set_click
 .text.lv_obj_set_drag
                0x10012b50       0x38 .\CortexM4\ARM_GCC_541\Debug\lv_obj.o
                0x10012b50                lv_obj_set_drag
 .text.lv_obj_set_protect
                0x10012b88       0x2c .\CortexM4\ARM_GCC_541\Debug\lv_obj.o
                0x10012b88                lv_obj_set_protect
 .text.lv_obj_set_event_cb
                0x10012bb4       0x1c .\CortexM4\ARM_GCC_541\Debug\lv_obj.o
                0x10012bb4                lv_obj_set_event_cb
 .text.lv_event_send
                0x10012bd0       0x34 .\CortexM4\ARM_GCC_541\Debug\lv_obj.o
                0x10012bd0                lv_event_send
 .text.lv_event_send_func
                0x10012c04       0xd4 .\CortexM4\ARM_GCC_541\Debug\lv_obj.o
                0x10012c04                lv_event_send_func
 .text.lv_obj_set_signal_cb
                0x10012cd8       0x1c .\CortexM4\ARM_GCC_541\Debug\lv_obj.o
                0x10012cd8                lv_obj_set_signal_cb
 .text.lv_obj_set_design_cb
                0x10012cf4       0x1c .\CortexM4\ARM_GCC_541\Debug\lv_obj.o
                0x10012cf4                lv_obj_set_design_cb
 .text.lv_obj_allocate_ext_attr
                0x10012d10       0x2c .\CortexM4\ARM_GCC_541\Debug\lv_obj.o
                0x10012d10                lv_obj_allocate_ext_attr
 .text.lv_obj_refresh_ext_draw_pad
                0x10012d3c       0x28 .\CortexM4\ARM_GCC_541\Debug\lv_obj.o
                0x10012d3c                lv_obj_refresh_ext_draw_pad
 .text.lv_obj_get_screen
                0x10012d64       0x28 .\CortexM4\ARM_GCC_541\Debug\lv_obj.o
                0x10012d64                lv_obj_get_screen
 .text.lv_obj_get_disp
                0x10012d8c       0x74 .\CortexM4\ARM_GCC_541\Debug\lv_obj.o
                0x10012d8c                lv_obj_get_disp
 .text.lv_obj_get_parent
                0x10012e00       0x18 .\CortexM4\ARM_GCC_541\Debug\lv_obj.o
                0x10012e00                lv_obj_get_parent
 .text.lv_obj_get_child
                0x10012e18       0x3c .\CortexM4\ARM_GCC_541\Debug\lv_obj.o
                0x10012e18                lv_obj_get_child
 .text.lv_obj_get_coords
                0x10012e54       0x20 .\CortexM4\ARM_GCC_541\Debug\lv_obj.o
                0x10012e54                lv_obj_get_coords
 .text.lv_obj_get_x
                0x10012e74       0x40 .\CortexM4\ARM_GCC_541\Debug\lv_obj.o
                0x10012e74                lv_obj_get_x
 .text.lv_obj_get_y
                0x10012eb4       0x40 .\CortexM4\ARM_GCC_541\Debug\lv_obj.o
                0x10012eb4                lv_obj_get_y
 .text.lv_obj_get_width
                0x10012ef4       0x1c .\CortexM4\ARM_GCC_541\Debug\lv_obj.o
                0x10012ef4                lv_obj_get_width
 .text.lv_obj_get_height
                0x10012f10       0x1c .\CortexM4\ARM_GCC_541\Debug\lv_obj.o
                0x10012f10                lv_obj_get_height
 .text.lv_obj_get_style
                0x10012f2c       0x64 .\CortexM4\ARM_GCC_541\Debug\lv_obj.o
                0x10012f2c                lv_obj_get_style
 .text.lv_obj_get_hidden
                0x10012f90       0x2c .\CortexM4\ARM_GCC_541\Debug\lv_obj.o
                0x10012f90                lv_obj_get_hidden
 .text.lv_obj_get_click
                0x10012fbc       0x2c .\CortexM4\ARM_GCC_541\Debug\lv_obj.o
                0x10012fbc                lv_obj_get_click
 .text.lv_obj_get_drag
                0x10012fe8       0x2c .\CortexM4\ARM_GCC_541\Debug\lv_obj.o
                0x10012fe8                lv_obj_get_drag
 .text.lv_obj_get_drag_dir
                0x10013014       0x20 .\CortexM4\ARM_GCC_541\Debug\lv_obj.o
                0x10013014                lv_obj_get_drag_dir
 .text.lv_obj_get_drag_throw
                0x10013034       0x2c .\CortexM4\ARM_GCC_541\Debug\lv_obj.o
                0x10013034                lv_obj_get_drag_throw
 .text.lv_obj_get_drag_parent
                0x10013060       0x2c .\CortexM4\ARM_GCC_541\Debug\lv_obj.o
                0x10013060                lv_obj_get_drag_parent
 .text.lv_obj_get_base_dir
                0x1001308c       0x18 .\CortexM4\ARM_GCC_541\Debug\lv_obj.o
                0x1001308c                lv_obj_get_base_dir
 .text.lv_obj_get_opa_scale
                0x100130a4       0x40 .\CortexM4\ARM_GCC_541\Debug\lv_obj.o
                0x100130a4                lv_obj_get_opa_scale
 .text.lv_obj_is_protected
                0x100130e4       0x30 .\CortexM4\ARM_GCC_541\Debug\lv_obj.o
                0x100130e4                lv_obj_is_protected
 .text.lv_obj_get_signal_cb
                0x10013114       0x18 .\CortexM4\ARM_GCC_541\Debug\lv_obj.o
                0x10013114                lv_obj_get_signal_cb
 .text.lv_obj_get_design_cb
                0x1001312c       0x18 .\CortexM4\ARM_GCC_541\Debug\lv_obj.o
                0x1001312c                lv_obj_get_design_cb
 .text.lv_obj_get_ext_attr
                0x10013144       0x18 .\CortexM4\ARM_GCC_541\Debug\lv_obj.o
                0x10013144                lv_obj_get_ext_attr
 .text.lv_obj_handle_get_type_signal
                0x1001315c       0x44 .\CortexM4\ARM_GCC_541\Debug\lv_obj.o
                0x1001315c                lv_obj_handle_get_type_signal
 .text.lv_obj_design
                0x100131a0      0x11c .\CortexM4\ARM_GCC_541\Debug\lv_obj.o
 .text.lv_obj_signal
                0x100132bc       0x84 .\CortexM4\ARM_GCC_541\Debug\lv_obj.o
 .text.refresh_children_position
                0x10013340       0x9c .\CortexM4\ARM_GCC_541\Debug\lv_obj.o
 .text.report_style_mod_core
                0x100133dc       0x58 .\CortexM4\ARM_GCC_541\Debug\lv_obj.o
 .text.refresh_children_style
                0x10013434       0x58 .\CortexM4\ARM_GCC_541\Debug\lv_obj.o
 .text.lv_area_copy
                0x1001348c       0x1c .\CortexM4\ARM_GCC_541\Debug\lv_refr.o
 .text.lv_area_get_width
                0x100134a8       0x30 .\CortexM4\ARM_GCC_541\Debug\lv_refr.o
 .text.lv_area_get_height
                0x100134d8       0x30 .\CortexM4\ARM_GCC_541\Debug\lv_refr.o
 .text.lv_refr_init
                0x10013508       0x10 .\CortexM4\ARM_GCC_541\Debug\lv_refr.o
                0x10013508                lv_refr_init
 .text.lv_inv_area
                0x10013518      0x160 .\CortexM4\ARM_GCC_541\Debug\lv_refr.o
                0x10013518                lv_inv_area
 .text.lv_refr_get_disp_refreshing
                0x10013678       0x18 .\CortexM4\ARM_GCC_541\Debug\lv_refr.o
                0x10013678                lv_refr_get_disp_refreshing
 .text.lv_disp_refr_task
                0x10013690      0x1d0 .\CortexM4\ARM_GCC_541\Debug\lv_refr.o
                0x10013690                lv_disp_refr_task
 .text.lv_refr_join_area
                0x10013860      0x148 .\CortexM4\ARM_GCC_541\Debug\lv_refr.o
 .text.lv_refr_areas
                0x100139a8       0x90 .\CortexM4\ARM_GCC_541\Debug\lv_refr.o
 .text.lv_refr_area
                0x10013a38      0x20c .\CortexM4\ARM_GCC_541\Debug\lv_refr.o
 .text.lv_refr_area_part
                0x10013c44       0xc8 .\CortexM4\ARM_GCC_541\Debug\lv_refr.o
 .text.lv_refr_get_top_obj
                0x10013d0c       0xa8 .\CortexM4\ARM_GCC_541\Debug\lv_refr.o
 .text.lv_refr_obj_and_children
                0x10013db4       0x88 .\CortexM4\ARM_GCC_541\Debug\lv_refr.o
 .text.lv_refr_obj
                0x10013e3c      0x17c .\CortexM4\ARM_GCC_541\Debug\lv_refr.o
 .text.lv_refr_vdb_flush
                0x10013fb8       0x98 .\CortexM4\ARM_GCC_541\Debug\lv_refr.o
 .text.lv_color_make
                0x10014050       0x38 .\CortexM4\ARM_GCC_541\Debug\lv_style.o
 .text.lv_style_init
                0x10014088      0x4fc .\CortexM4\ARM_GCC_541\Debug\lv_style.o
                0x10014088                lv_style_init
 .text.lv_style_copy
                0x10014584       0x1c .\CortexM4\ARM_GCC_541\Debug\lv_style.o
                0x10014584                lv_style_copy
 .text.lv_draw_get_buf
                0x100145a0       0x60 .\CortexM4\ARM_GCC_541\Debug\lv_draw.o
                0x100145a0                lv_draw_get_buf
 .text.lv_draw_free_buf
                0x10014600       0x30 .\CortexM4\ARM_GCC_541\Debug\lv_draw.o
                0x10014600                lv_draw_free_buf
 .text.lv_color_mix
                0x10014630       0xa4 .\CortexM4\ARM_GCC_541\Debug\lv_draw_basic.o
 .text.lv_area_get_width
                0x100146d4       0x30 .\CortexM4\ARM_GCC_541\Debug\lv_draw_basic.o
 .text.lv_draw_px
                0x10014704      0x130 .\CortexM4\ARM_GCC_541\Debug\lv_draw_basic.o
                0x10014704                lv_draw_px
 .text.lv_draw_fill
                0x10014834       0xf4 .\CortexM4\ARM_GCC_541\Debug\lv_draw_basic.o
                0x10014834                lv_draw_fill
 .text.lv_draw_letter
                0x10014928      0x8b8 .\CortexM4\ARM_GCC_541\Debug\lv_draw_basic.o
                0x10014928                lv_draw_letter
 .text.sw_color_fill
                0x100151e0      0x228 .\CortexM4\ARM_GCC_541\Debug\lv_draw_basic.o
 .text.lv_img_color_format_get_px_size
                0x10015408       0x98 .\CortexM4\ARM_GCC_541\Debug\lv_draw_img.o
                0x10015408                lv_img_color_format_get_px_size
 .text.lv_img_src_get_type
                0x100154a0       0x54 .\CortexM4\ARM_GCC_541\Debug\lv_draw_img.o
                0x100154a0                lv_img_src_get_type
 .text.lv_font_get_line_height
                0x100154f4       0x18 .\CortexM4\ARM_GCC_541\Debug\lv_draw_label.o
 .text.lv_color_make
                0x1001550c       0x38 .\CortexM4\ARM_GCC_541\Debug\lv_draw_label.o
 .text.lv_area_get_width
                0x10015544       0x30 .\CortexM4\ARM_GCC_541\Debug\lv_draw_label.o
 .text.lv_draw_label
                0x10015574      0x7f8 .\CortexM4\ARM_GCC_541\Debug\lv_draw_label.o
                0x10015574                lv_draw_label
 .text.hex_char_to_num
                0x10015d6c       0x8c .\CortexM4\ARM_GCC_541\Debug\lv_draw_label.o
 .text.lv_draw_line
                0x10015df8      0x284 .\CortexM4\ARM_GCC_541\Debug\lv_draw_line.o
                0x10015df8                lv_draw_line
 .text.line_draw_hor
                0x1001607c       0xf4 .\CortexM4\ARM_GCC_541\Debug\lv_draw_line.o
 .text.line_draw_ver
                0x10016170       0xf4 .\CortexM4\ARM_GCC_541\Debug\lv_draw_line.o
 .text.line_draw_skew
                0x10016264      0x78c .\CortexM4\ARM_GCC_541\Debug\lv_draw_line.o
 .text.line_init
                0x100169f0      0x118 .\CortexM4\ARM_GCC_541\Debug\lv_draw_line.o
 .text.line_next
                0x10016b08       0xd0 .\CortexM4\ARM_GCC_541\Debug\lv_draw_line.o
 .text.line_next_y
                0x10016bd8       0x3c .\CortexM4\ARM_GCC_541\Debug\lv_draw_line.o
 .text.line_next_x
                0x10016c14       0x3c .\CortexM4\ARM_GCC_541\Debug\lv_draw_line.o
 .text.lv_color_mix
                0x10016c50       0xa4 .\CortexM4\ARM_GCC_541\Debug\lv_draw_rect.o
 .text.lv_area_copy
                0x10016cf4       0x1c .\CortexM4\ARM_GCC_541\Debug\lv_draw_rect.o
 .text.lv_area_get_width
                0x10016d10       0x30 .\CortexM4\ARM_GCC_541\Debug\lv_draw_rect.o
 .text.lv_area_get_height
                0x10016d40       0x30 .\CortexM4\ARM_GCC_541\Debug\lv_draw_rect.o
 .text.lv_draw_rect
                0x10016d70       0xc4 .\CortexM4\ARM_GCC_541\Debug\lv_draw_rect.o
                0x10016d70                lv_draw_rect
 .text.lv_draw_rect_main_mid
                0x10016e34      0x204 .\CortexM4\ARM_GCC_541\Debug\lv_draw_rect.o
 .text.lv_draw_rect_main_corner
                0x10017038      0x7c8 .\CortexM4\ARM_GCC_541\Debug\lv_draw_rect.o
 .text.lv_draw_rect_border_straight
                0x10017800      0x75c .\CortexM4\ARM_GCC_541\Debug\lv_draw_rect.o
 .text.lv_draw_rect_border_corner
                0x10017f5c      0x63c .\CortexM4\ARM_GCC_541\Debug\lv_draw_rect.o
 .text.lv_draw_shadow
                0x10018598       0xf0 .\CortexM4\ARM_GCC_541\Debug\lv_draw_rect.o
 .text.lv_draw_shadow_full
                0x10018688      0x64c .\CortexM4\ARM_GCC_541\Debug\lv_draw_rect.o
 .text.lv_draw_shadow_bottom
                0x10018cd4      0x404 .\CortexM4\ARM_GCC_541\Debug\lv_draw_rect.o
 .text.lv_draw_shadow_full_straight
                0x100190d8      0x2b0 .\CortexM4\ARM_GCC_541\Debug\lv_draw_rect.o
 .text.lv_draw_cont_radius_corr
                0x10019388       0x84 .\CortexM4\ARM_GCC_541\Debug\lv_draw_rect.o
 .text.lv_draw_triangle
                0x1001940c      0x1dc .\CortexM4\ARM_GCC_541\Debug\lv_draw_triangle.o
                0x1001940c                lv_draw_triangle
 .text.tri_draw_flat
                0x100195e8      0x4d4 .\CortexM4\ARM_GCC_541\Debug\lv_draw_triangle.o
                0x100195e8                tri_draw_flat
 .text.tri_draw_tall
                0x10019abc      0x3dc .\CortexM4\ARM_GCC_541\Debug\lv_draw_triangle.o
                0x10019abc                tri_draw_tall
 .text.point_swap
                0x10019e98       0x4c .\CortexM4\ARM_GCC_541\Debug\lv_draw_triangle.o
 .text.lv_img_cache_set_size
                0x10019ee4       0xa8 .\CortexM4\ARM_GCC_541\Debug\lv_img_cache.o
                0x10019ee4                lv_img_cache_set_size
 .text.lv_img_cache_invalidate_src
                0x10019f8c       0xb4 .\CortexM4\ARM_GCC_541\Debug\lv_img_cache.o
                0x10019f8c                lv_img_cache_invalidate_src
 .text.lv_color_make
                0x1001a040       0x38 .\CortexM4\ARM_GCC_541\Debug\lv_img_decoder.o
 .text.lv_img_decoder_init
                0x1001a078       0x58 .\CortexM4\ARM_GCC_541\Debug\lv_img_decoder.o
                0x1001a078                lv_img_decoder_init
 .text.lv_img_decoder_close
                0x1001a0d0       0x4c .\CortexM4\ARM_GCC_541\Debug\lv_img_decoder.o
                0x1001a0d0                lv_img_decoder_close
 .text.lv_img_decoder_create
                0x1001a11c       0x30 .\CortexM4\ARM_GCC_541\Debug\lv_img_decoder.o
                0x1001a11c                lv_img_decoder_create
 .text.lv_img_decoder_set_info_cb
                0x1001a14c       0x1c .\CortexM4\ARM_GCC_541\Debug\lv_img_decoder.o
                0x1001a14c                lv_img_decoder_set_info_cb
 .text.lv_img_decoder_set_open_cb
                0x1001a168       0x1c .\CortexM4\ARM_GCC_541\Debug\lv_img_decoder.o
                0x1001a168                lv_img_decoder_set_open_cb
 .text.lv_img_decoder_set_read_line_cb
                0x1001a184       0x1c .\CortexM4\ARM_GCC_541\Debug\lv_img_decoder.o
                0x1001a184                lv_img_decoder_set_read_line_cb
 .text.lv_img_decoder_set_close_cb
                0x1001a1a0       0x1c .\CortexM4\ARM_GCC_541\Debug\lv_img_decoder.o
                0x1001a1a0                lv_img_decoder_set_close_cb
 .text.lv_img_decoder_built_in_info
                0x1001a1bc       0xb0 .\CortexM4\ARM_GCC_541\Debug\lv_img_decoder.o
                0x1001a1bc                lv_img_decoder_built_in_info
 .text.lv_img_decoder_built_in_open
                0x1001a26c      0x178 .\CortexM4\ARM_GCC_541\Debug\lv_img_decoder.o
                0x1001a26c                lv_img_decoder_built_in_open
 .text.lv_img_decoder_built_in_read_line
                0x1001a3e4      0x124 .\CortexM4\ARM_GCC_541\Debug\lv_img_decoder.o
                0x1001a3e4                lv_img_decoder_built_in_read_line
 .text.lv_img_decoder_built_in_close
                0x1001a508       0x50 .\CortexM4\ARM_GCC_541\Debug\lv_img_decoder.o
                0x1001a508                lv_img_decoder_built_in_close
 .text.lv_img_decoder_built_in_line_true_color
                0x1001a558       0x28 .\CortexM4\ARM_GCC_541\Debug\lv_img_decoder.o
 .text.lv_img_decoder_built_in_line_alpha
                0x1001a580      0x324 .\CortexM4\ARM_GCC_541\Debug\lv_img_decoder.o
 .text.lv_img_decoder_built_in_line_indexed
                0x1001a8a4      0x2b0 .\CortexM4\ARM_GCC_541\Debug\lv_img_decoder.o
 .text.lv_font_get_glyph_bitmap
                0x1001ab54       0x20 .\CortexM4\ARM_GCC_541\Debug\lv_font.o
                0x1001ab54                lv_font_get_glyph_bitmap
 .text.lv_font_get_glyph_dsc
                0x1001ab74       0x28 .\CortexM4\ARM_GCC_541\Debug\lv_font.o
                0x1001ab74                lv_font_get_glyph_dsc
 .text.lv_font_get_glyph_width
                0x1001ab9c       0x34 .\CortexM4\ARM_GCC_541\Debug\lv_font.o
                0x1001ab9c                lv_font_get_glyph_width
 .text.lv_font_get_bitmap_fmt_txt
                0x1001abd0      0x12c .\CortexM4\ARM_GCC_541\Debug\lv_font_fmt_txt.o
                0x1001abd0                lv_font_get_bitmap_fmt_txt
 .text.lv_font_get_glyph_dsc_fmt_txt
                0x1001acfc       0xd4 .\CortexM4\ARM_GCC_541\Debug\lv_font_fmt_txt.o
                0x1001acfc                lv_font_get_glyph_dsc_fmt_txt
 .text.get_glyph_dsc_id
                0x1001add0      0x25c .\CortexM4\ARM_GCC_541\Debug\lv_font_fmt_txt.o
 .text.get_kern_value
                0x1001b02c      0x14c .\CortexM4\ARM_GCC_541\Debug\lv_font_fmt_txt.o
 .text.kern_pair_8_compare
                0x1001b178       0x48 .\CortexM4\ARM_GCC_541\Debug\lv_font_fmt_txt.o
 .text.kern_pair_16_compare
                0x1001b1c0       0x48 .\CortexM4\ARM_GCC_541\Debug\lv_font_fmt_txt.o
 .text.decompress
                0x1001b208      0x134 .\CortexM4\ARM_GCC_541\Debug\lv_font_fmt_txt.o
 .text.decompress_line
                0x1001b33c       0x44 .\CortexM4\ARM_GCC_541\Debug\lv_font_fmt_txt.o
 .text.get_bits
                0x1001b380       0x78 .\CortexM4\ARM_GCC_541\Debug\lv_font_fmt_txt.o
 .text.bits_write
                0x1001b3f8       0xf8 .\CortexM4\ARM_GCC_541\Debug\lv_font_fmt_txt.o
 .text.rle_init
                0x1001b4f0       0x54 .\CortexM4\ARM_GCC_541\Debug\lv_font_fmt_txt.o
 .text.rle_next
                0x1001b544      0x1b8 .\CortexM4\ARM_GCC_541\Debug\lv_font_fmt_txt.o
 .text.unicode_list_compare
                0x1001b6fc       0x24 .\CortexM4\ARM_GCC_541\Debug\lv_font_fmt_txt.o
 .text.lv_disp_drv_init
                0x1001b720       0x60 .\CortexM4\ARM_GCC_541\Debug\lv_hal_disp.o
                0x1001b720                lv_disp_drv_init
 .text.lv_disp_buf_init
                0x1001b780       0x3c .\CortexM4\ARM_GCC_541\Debug\lv_hal_disp.o
                0x1001b780                lv_disp_buf_init
 .text.lv_disp_drv_register
                0x1001b7bc      0x118 .\CortexM4\ARM_GCC_541\Debug\lv_hal_disp.o
                0x1001b7bc                lv_disp_drv_register
 .text.lv_disp_get_default
                0x1001b8d4       0x18 .\CortexM4\ARM_GCC_541\Debug\lv_hal_disp.o
                0x1001b8d4                lv_disp_get_default
 .text.lv_disp_get_hor_res
                0x1001b8ec       0x44 .\CortexM4\ARM_GCC_541\Debug\lv_hal_disp.o
                0x1001b8ec                lv_disp_get_hor_res
 .text.lv_disp_get_ver_res
                0x1001b930       0x44 .\CortexM4\ARM_GCC_541\Debug\lv_hal_disp.o
                0x1001b930                lv_disp_get_ver_res
 .text.lv_disp_get_antialiasing
                0x1001b974       0x18 .\CortexM4\ARM_GCC_541\Debug\lv_hal_disp.o
                0x1001b974                lv_disp_get_antialiasing
 .text.lv_disp_flush_ready
                0x1001b98c       0x20 .\CortexM4\ARM_GCC_541\Debug\lv_hal_disp.o
                0x1001b98c                lv_disp_flush_ready
 .text.lv_disp_get_next
                0x1001b9ac       0x30 .\CortexM4\ARM_GCC_541\Debug\lv_hal_disp.o
                0x1001b9ac                lv_disp_get_next
 .text.lv_disp_get_buf
                0x1001b9dc       0x18 .\CortexM4\ARM_GCC_541\Debug\lv_hal_disp.o
                0x1001b9dc                lv_disp_get_buf
 .text.lv_disp_get_inv_buf_size
                0x1001b9f4       0x20 .\CortexM4\ARM_GCC_541\Debug\lv_hal_disp.o
                0x1001b9f4                lv_disp_get_inv_buf_size
 .text.lv_disp_pop_from_inv_buf
                0x1001ba14       0x64 .\CortexM4\ARM_GCC_541\Debug\lv_hal_disp.o
                0x1001ba14                lv_disp_pop_from_inv_buf
 .text.lv_disp_is_double_buf
                0x1001ba78       0x30 .\CortexM4\ARM_GCC_541\Debug\lv_hal_disp.o
                0x1001ba78                lv_disp_is_double_buf
 .text.lv_disp_is_true_double_buf
                0x1001baa8       0x44 .\CortexM4\ARM_GCC_541\Debug\lv_hal_disp.o
                0x1001baa8                lv_disp_is_true_double_buf
 .text.lv_indev_drv_init
                0x1001baec       0x3c .\CortexM4\ARM_GCC_541\Debug\lv_hal_indev.o
                0x1001baec                lv_indev_drv_init
 .text.lv_indev_drv_register
                0x1001bb28       0x94 .\CortexM4\ARM_GCC_541\Debug\lv_hal_indev.o
                0x1001bb28                lv_indev_drv_register
 .text.lv_indev_get_next
                0x1001bbbc       0x30 .\CortexM4\ARM_GCC_541\Debug\lv_hal_indev.o
                0x1001bbbc                lv_indev_get_next
 .text.lv_indev_read
                0x1001bbec       0x68 .\CortexM4\ARM_GCC_541\Debug\lv_hal_indev.o
                0x1001bbec                lv_indev_read
 .text.lv_tick_inc
                0x1001bc54       0x30 .\CortexM4\ARM_GCC_541\Debug\lv_hal_tick.o
                0x1001bc54                lv_tick_inc
 .text.lv_tick_get
                0x1001bc84       0x34 .\CortexM4\ARM_GCC_541\Debug\lv_hal_tick.o
                0x1001bc84                lv_tick_get
 .text.lv_tick_elaps
                0x1001bcb8       0x38 .\CortexM4\ARM_GCC_541\Debug\lv_hal_tick.o
                0x1001bcb8                lv_tick_elaps
 .text.lv_anim_core_init
                0x1001bcf0       0x34 .\CortexM4\ARM_GCC_541\Debug\lv_anim.o
                0x1001bcf0                lv_anim_core_init
 .text.lv_anim_create
                0x1001bd24       0x78 .\CortexM4\ARM_GCC_541\Debug\lv_anim.o
                0x1001bd24                lv_anim_create
 .text.lv_anim_del
                0x1001bd9c       0x70 .\CortexM4\ARM_GCC_541\Debug\lv_anim.o
                0x1001bd9c                lv_anim_del
 .text.lv_anim_speed_to_time
                0x1001be0c       0x60 .\CortexM4\ARM_GCC_541\Debug\lv_anim.o
                0x1001be0c                lv_anim_speed_to_time
 .text.lv_anim_path_linear
                0x1001be6c       0x64 .\CortexM4\ARM_GCC_541\Debug\lv_anim.o
                0x1001be6c                lv_anim_path_linear
 .text.anim_task
                0x1001bed0      0x120 .\CortexM4\ARM_GCC_541\Debug\lv_anim.o
 .text.anim_ready_handler
                0x1001bff0      0x118 .\CortexM4\ARM_GCC_541\Debug\lv_anim.o
 .text.lv_area_set
                0x1001c108       0x40 .\CortexM4\ARM_GCC_541\Debug\lv_area.o
                0x1001c108                lv_area_set
 .text.lv_area_get_size
                0x1001c148       0x44 .\CortexM4\ARM_GCC_541\Debug\lv_area.o
                0x1001c148                lv_area_get_size
 .text.lv_area_intersect
                0x1001c18c       0xa4 .\CortexM4\ARM_GCC_541\Debug\lv_area.o
                0x1001c18c                lv_area_intersect
 .text.lv_area_join
                0x1001c230       0x78 .\CortexM4\ARM_GCC_541\Debug\lv_area.o
                0x1001c230                lv_area_join
 .text.lv_area_is_point_on
                0x1001c2a8       0x60 .\CortexM4\ARM_GCC_541\Debug\lv_area.o
                0x1001c2a8                lv_area_is_point_on
 .text.lv_area_is_on
                0x1001c308       0x5c .\CortexM4\ARM_GCC_541\Debug\lv_area.o
                0x1001c308                lv_area_is_on
 .text.lv_area_is_in
                0x1001c364       0x60 .\CortexM4\ARM_GCC_541\Debug\lv_area.o
                0x1001c364                lv_area_is_in
 .text.lv_circ_init
                0x1001c3c4       0x34 .\CortexM4\ARM_GCC_541\Debug\lv_circ.o
                0x1001c3c4                lv_circ_init
 .text.lv_circ_cont
                0x1001c3f8       0x2c .\CortexM4\ARM_GCC_541\Debug\lv_circ.o
                0x1001c3f8                lv_circ_cont
 .text.lv_circ_next
                0x1001c424       0x94 .\CortexM4\ARM_GCC_541\Debug\lv_circ.o
                0x1001c424                lv_circ_next
 .text.lv_color_make
                0x1001c4b8       0x38 .\CortexM4\ARM_GCC_541\Debug\lv_color.o
 .text.lv_color_hsv_to_rgb
                0x1001c4f0      0x180 .\CortexM4\ARM_GCC_541\Debug\lv_color.o
                0x1001c4f0                lv_color_hsv_to_rgb
 .text.lv_ll_init
                0x1001c670       0x40 .\CortexM4\ARM_GCC_541\Debug\lv_ll.o
                0x1001c670                lv_ll_init
 .text.lv_ll_ins_head
                0x1001c6b0       0x68 .\CortexM4\ARM_GCC_541\Debug\lv_ll.o
                0x1001c6b0                lv_ll_ins_head
 .text.lv_ll_ins_prev
                0x1001c718       0x90 .\CortexM4\ARM_GCC_541\Debug\lv_ll.o
                0x1001c718                lv_ll_ins_prev
 .text.lv_ll_ins_tail
                0x1001c7a8       0x74 .\CortexM4\ARM_GCC_541\Debug\lv_ll.o
                0x1001c7a8                lv_ll_ins_tail
 .text.lv_ll_rem
                0x1001c81c       0xb4 .\CortexM4\ARM_GCC_541\Debug\lv_ll.o
                0x1001c81c                lv_ll_rem
 .text.lv_ll_clear
                0x1001c8d0       0x40 .\CortexM4\ARM_GCC_541\Debug\lv_ll.o
                0x1001c8d0                lv_ll_clear
 .text.lv_ll_chg_list
                0x1001c910       0xac .\CortexM4\ARM_GCC_541\Debug\lv_ll.o
                0x1001c910                lv_ll_chg_list
 .text.lv_ll_get_head
                0x1001c9bc       0x28 .\CortexM4\ARM_GCC_541\Debug\lv_ll.o
                0x1001c9bc                lv_ll_get_head
 .text.lv_ll_get_tail
                0x1001c9e4       0x28 .\CortexM4\ARM_GCC_541\Debug\lv_ll.o
                0x1001c9e4                lv_ll_get_tail
 .text.lv_ll_get_next
                0x1001ca0c       0x38 .\CortexM4\ARM_GCC_541\Debug\lv_ll.o
                0x1001ca0c                lv_ll_get_next
 .text.lv_ll_get_prev
                0x1001ca44       0x38 .\CortexM4\ARM_GCC_541\Debug\lv_ll.o
                0x1001ca44                lv_ll_get_prev
 .text.lv_ll_move_before
                0x1001ca7c       0x8c .\CortexM4\ARM_GCC_541\Debug\lv_ll.o
                0x1001ca7c                lv_ll_move_before
 .text.node_set_prev
                0x1001cb08       0x4c .\CortexM4\ARM_GCC_541\Debug\lv_ll.o
 .text.node_set_next
                0x1001cb54       0x50 .\CortexM4\ARM_GCC_541\Debug\lv_ll.o
 .text.lv_mem_init
                0x1001cba4       0x40 .\CortexM4\ARM_GCC_541\Debug\lv_mem.o
                0x1001cba4                lv_mem_init
 .text.lv_mem_alloc
                0x1001cbe4       0x64 .\CortexM4\ARM_GCC_541\Debug\lv_mem.o
                0x1001cbe4                lv_mem_alloc
 .text.lv_mem_free
                0x1001cc48       0x88 .\CortexM4\ARM_GCC_541\Debug\lv_mem.o
                0x1001cc48                lv_mem_free
 .text.lv_mem_realloc
                0x1001ccd0       0x98 .\CortexM4\ARM_GCC_541\Debug\lv_mem.o
                0x1001ccd0                lv_mem_realloc
 .text.lv_mem_get_size
                0x1001cd68       0x3c .\CortexM4\ARM_GCC_541\Debug\lv_mem.o
                0x1001cd68                lv_mem_get_size
 .text.ent_get_next
                0x1001cda4       0x58 .\CortexM4\ARM_GCC_541\Debug\lv_mem.o
 .text.ent_alloc
                0x1001cdfc       0x50 .\CortexM4\ARM_GCC_541\Debug\lv_mem.o
 .text.ent_trunc
                0x1001ce4c       0xa0 .\CortexM4\ARM_GCC_541\Debug\lv_mem.o
 .text.lv_task_core_init
                0x1001ceec       0x1c .\CortexM4\ARM_GCC_541\Debug\lv_task.o
                0x1001ceec                lv_task_core_init
 .text.lv_task_handler
                0x1001cf08      0x21c .\CortexM4\ARM_GCC_541\Debug\lv_task.o
                0x1001cf08                lv_task_handler
 .text.lv_task_create_basic
                0x1001d124       0xc4 .\CortexM4\ARM_GCC_541\Debug\lv_task.o
                0x1001d124                lv_task_create_basic
 .text.lv_task_create
                0x1001d1e8       0x4c .\CortexM4\ARM_GCC_541\Debug\lv_task.o
                0x1001d1e8                lv_task_create
 .text.lv_task_set_cb
                0x1001d234       0x1c .\CortexM4\ARM_GCC_541\Debug\lv_task.o
                0x1001d234                lv_task_set_cb
 .text.lv_task_del
                0x1001d250       0x3c .\CortexM4\ARM_GCC_541\Debug\lv_task.o
                0x1001d250                lv_task_del
 .text.lv_task_set_prio
                0x1001d28c       0x94 .\CortexM4\ARM_GCC_541\Debug\lv_task.o
                0x1001d28c                lv_task_set_prio
 .text.lv_task_set_period
                0x1001d320       0x1c .\CortexM4\ARM_GCC_541\Debug\lv_task.o
                0x1001d320                lv_task_set_period
 .text.lv_task_ready
                0x1001d33c       0x24 .\CortexM4\ARM_GCC_541\Debug\lv_task.o
                0x1001d33c                lv_task_ready
 .text.lv_task_enable
                0x1001d360       0x20 .\CortexM4\ARM_GCC_541\Debug\lv_task.o
                0x1001d360                lv_task_enable
 .text.lv_task_exec
                0x1001d380       0x80 .\CortexM4\ARM_GCC_541\Debug\lv_task.o
 .text.lv_font_get_line_height
                0x1001d400       0x18 .\CortexM4\ARM_GCC_541\Debug\lv_txt.o
 .text.lv_txt_get_size
                0x1001d418      0x180 .\CortexM4\ARM_GCC_541\Debug\lv_txt.o
                0x1001d418                lv_txt_get_size
 .text.lv_txt_get_next_word
                0x1001d598      0x220 .\CortexM4\ARM_GCC_541\Debug\lv_txt.o
 .text.lv_txt_get_next_line
                0x1001d7b8      0x124 .\CortexM4\ARM_GCC_541\Debug\lv_txt.o
                0x1001d7b8                lv_txt_get_next_line
 .text.lv_txt_get_width
                0x1001d8dc       0xd4 .\CortexM4\ARM_GCC_541\Debug\lv_txt.o
                0x1001d8dc                lv_txt_get_width
 .text.lv_txt_is_cmd
                0x1001d9b0       0x74 .\CortexM4\ARM_GCC_541\Debug\lv_txt.o
                0x1001d9b0                lv_txt_is_cmd
 .text.lv_txt_iso8859_1_size
                0x1001da24       0x18 .\CortexM4\ARM_GCC_541\Debug\lv_txt.o
 .text.lv_txt_unicode_to_iso8859_1
                0x1001da3c       0x20 .\CortexM4\ARM_GCC_541\Debug\lv_txt.o
 .text.lv_txt_iso8859_1_conv_wc
                0x1001da5c       0x18 .\CortexM4\ARM_GCC_541\Debug\lv_txt.o
 .text.lv_txt_iso8859_1_next
                0x1001da74       0x3c .\CortexM4\ARM_GCC_541\Debug\lv_txt.o
 .text.lv_txt_iso8859_1_prev
                0x1001dab0       0x3c .\CortexM4\ARM_GCC_541\Debug\lv_txt.o
 .text.lv_txt_iso8859_1_get_byte_id
                0x1001daec       0x18 .\CortexM4\ARM_GCC_541\Debug\lv_txt.o
 .text.lv_txt_iso8859_1_get_char_id
                0x1001db04       0x18 .\CortexM4\ARM_GCC_541\Debug\lv_txt.o
 .text.lv_txt_iso8859_1_get_length
                0x1001db1c       0x18 .\CortexM4\ARM_GCC_541\Debug\lv_txt.o
 .text.is_break_char
                0x1001db34       0x48 .\CortexM4\ARM_GCC_541\Debug\lv_txt.o
 .text.lv_utils_bsearch
                0x1001db7c       0x80 .\CortexM4\ARM_GCC_541\Debug\lv_utils.o
                0x1001db7c                lv_utils_bsearch
 .text.lv_area_copy
                0x1001dbfc       0x1c .\CortexM4\ARM_GCC_541\Debug\lv_bar.o
 .text.lv_area_get_width
                0x1001dc18       0x30 .\CortexM4\ARM_GCC_541\Debug\lv_bar.o
 .text.lv_area_get_height
                0x1001dc48       0x30 .\CortexM4\ARM_GCC_541\Debug\lv_bar.o
 .text.lv_bar_create
                0x1001dc78      0x180 .\CortexM4\ARM_GCC_541\Debug\lv_bar.o
                0x1001dc78                lv_bar_create
 .text.lv_bar_set_value
                0x1001ddf8      0x108 .\CortexM4\ARM_GCC_541\Debug\lv_bar.o
                0x1001ddf8                lv_bar_set_value
 .text.lv_bar_set_range
                0x1001df00       0x98 .\CortexM4\ARM_GCC_541\Debug\lv_bar.o
                0x1001df00                lv_bar_set_range
 .text.lv_bar_set_style
                0x1001df98       0x44 .\CortexM4\ARM_GCC_541\Debug\lv_bar.o
                0x1001df98                lv_bar_set_style
 .text.lv_bar_get_value
                0x1001dfdc       0x34 .\CortexM4\ARM_GCC_541\Debug\lv_bar.o
                0x1001dfdc                lv_bar_get_value
 .text.lv_bar_get_min_value
                0x1001e010       0x20 .\CortexM4\ARM_GCC_541\Debug\lv_bar.o
                0x1001e010                lv_bar_get_min_value
 .text.lv_bar_get_max_value
                0x1001e030       0x20 .\CortexM4\ARM_GCC_541\Debug\lv_bar.o
                0x1001e030                lv_bar_get_max_value
 .text.lv_bar_get_style
                0x1001e050       0x48 .\CortexM4\ARM_GCC_541\Debug\lv_bar.o
                0x1001e050                lv_bar_get_style
 .text.lv_bar_design
                0x1001e098      0x3c8 .\CortexM4\ARM_GCC_541\Debug\lv_bar.o
 .text.lv_bar_signal
                0x1001e460       0x78 .\CortexM4\ARM_GCC_541\Debug\lv_bar.o
 .text.lv_bar_anim
                0x1001e4d8       0x28 .\CortexM4\ARM_GCC_541\Debug\lv_bar.o
 .text.lv_bar_anim_ready
                0x1001e500       0x38 .\CortexM4\ARM_GCC_541\Debug\lv_bar.o
 .text.lv_color_mix
                0x1001e538       0xa4 .\CortexM4\ARM_GCC_541\Debug\lv_chart.o
 .text.lv_chart_set_style
                0x1001e5dc       0x20 .\CortexM4\ARM_GCC_541\Debug\lv_chart.o
 .text.lv_chart_create
                0x1001e5fc      0x208 .\CortexM4\ARM_GCC_541\Debug\lv_chart.o
                0x1001e5fc                lv_chart_create
 .text.lv_chart_add_series
                0x1001e804       0xb4 .\CortexM4\ARM_GCC_541\Debug\lv_chart.o
                0x1001e804                lv_chart_add_series
 .text.lv_chart_set_div_line_count
                0x1001e8b8       0x48 .\CortexM4\ARM_GCC_541\Debug\lv_chart.o
                0x1001e8b8                lv_chart_set_div_line_count
 .text.lv_chart_set_type
                0x1001e900       0x34 .\CortexM4\ARM_GCC_541\Debug\lv_chart.o
                0x1001e900                lv_chart_set_type
 .text.lv_chart_set_point_count
                0x1001e934      0x198 .\CortexM4\ARM_GCC_541\Debug\lv_chart.o
                0x1001e934                lv_chart_set_point_count
 .text.lv_chart_set_next
                0x1001eacc      0x114 .\CortexM4\ARM_GCC_541\Debug\lv_chart.o
                0x1001eacc                lv_chart_set_next
 .text.lv_chart_refresh
                0x1001ebe0       0x18 .\CortexM4\ARM_GCC_541\Debug\lv_chart.o
                0x1001ebe0                lv_chart_refresh
 .text.lv_chart_design
                0x1001ebf8      0x114 .\CortexM4\ARM_GCC_541\Debug\lv_chart.o
 .text.lv_chart_signal
                0x1001ed0c       0x9c .\CortexM4\ARM_GCC_541\Debug\lv_chart.o
 .text.lv_chart_draw_div
                0x1001eda8      0x1b0 .\CortexM4\ARM_GCC_541\Debug\lv_chart.o
 .text.lv_chart_draw_lines
                0x1001ef58      0x240 .\CortexM4\ARM_GCC_541\Debug\lv_chart.o
 .text.lv_chart_draw_points
                0x1001f198      0x240 .\CortexM4\ARM_GCC_541\Debug\lv_chart.o
 .text.lv_chart_draw_cols
                0x1001f3d8      0x294 .\CortexM4\ARM_GCC_541\Debug\lv_chart.o
 .text.lv_chart_draw_vertical_lines
                0x1001f66c      0x24c .\CortexM4\ARM_GCC_541\Debug\lv_chart.o
 .text.lv_chart_draw_areas
                0x1001f8b8      0x28c .\CortexM4\ARM_GCC_541\Debug\lv_chart.o
 .text.lv_chart_create_label_iter
                0x1001fb44       0x8c .\CortexM4\ARM_GCC_541\Debug\lv_chart.o
 .text.lv_chart_get_next_label
                0x1001fbd0       0xfc .\CortexM4\ARM_GCC_541\Debug\lv_chart.o
 .text.lv_chart_is_tick_with_label
                0x1001fccc       0x40 .\CortexM4\ARM_GCC_541\Debug\lv_chart.o
 .text.lv_chart_draw_y_ticks
                0x1001fd0c      0x408 .\CortexM4\ARM_GCC_541\Debug\lv_chart.o
 .text.lv_chart_draw_x_ticks
                0x10020114      0x314 .\CortexM4\ARM_GCC_541\Debug\lv_chart.o
 .text.lv_chart_draw_axes
                0x10020428       0x30 .\CortexM4\ARM_GCC_541\Debug\lv_chart.o
 .text.lv_chart_inv_lines
                0x10020458      0x120 .\CortexM4\ARM_GCC_541\Debug\lv_chart.o
 .text.lv_chart_inv_points
                0x10020578       0x98 .\CortexM4\ARM_GCC_541\Debug\lv_chart.o
 .text.lv_chart_inv_cols
                0x10020610       0xac .\CortexM4\ARM_GCC_541\Debug\lv_chart.o
 .text.lv_font_get_line_height
                0x100206bc       0x18 .\CortexM4\ARM_GCC_541\Debug\lv_label.o
 .text.lv_area_get_width
                0x100206d4       0x30 .\CortexM4\ARM_GCC_541\Debug\lv_label.o
 .text.lv_area_get_height
                0x10020704       0x30 .\CortexM4\ARM_GCC_541\Debug\lv_label.o
 .text.lv_label_set_style
                0x10020734       0x20 .\CortexM4\ARM_GCC_541\Debug\lv_label.o
 .text.lv_label_get_style
                0x10020754       0x1c .\CortexM4\ARM_GCC_541\Debug\lv_label.o
 .text.lv_label_create
                0x10020770      0x238 .\CortexM4\ARM_GCC_541\Debug\lv_label.o
                0x10020770                lv_label_create
 .text.lv_label_set_text
                0x100209a8       0xc8 .\CortexM4\ARM_GCC_541\Debug\lv_label.o
                0x100209a8                lv_label_set_text
 .text.lv_label_set_static_text
                0x10020a70       0x5c .\CortexM4\ARM_GCC_541\Debug\lv_label.o
                0x10020a70                lv_label_set_static_text
 .text.lv_label_set_long_mode
                0x10020acc       0xb8 .\CortexM4\ARM_GCC_541\Debug\lv_label.o
                0x10020acc                lv_label_set_long_mode
 .text.lv_label_set_align
                0x10020b84       0x48 .\CortexM4\ARM_GCC_541\Debug\lv_label.o
                0x10020b84                lv_label_set_align
 .text.lv_label_set_recolor
                0x10020bcc       0x50 .\CortexM4\ARM_GCC_541\Debug\lv_label.o
                0x10020bcc                lv_label_set_recolor
 .text.lv_label_set_body_draw
                0x10020c1c       0x58 .\CortexM4\ARM_GCC_541\Debug\lv_label.o
                0x10020c1c                lv_label_set_body_draw
 .text.lv_label_get_text
                0x10020c74       0x1c .\CortexM4\ARM_GCC_541\Debug\lv_label.o
                0x10020c74                lv_label_get_text
 .text.lv_label_get_long_mode
                0x10020c90       0x24 .\CortexM4\ARM_GCC_541\Debug\lv_label.o
                0x10020c90                lv_label_get_long_mode
 .text.lv_label_get_align
                0x10020cb4       0x30 .\CortexM4\ARM_GCC_541\Debug\lv_label.o
                0x10020cb4                lv_label_get_align
 .text.lv_label_get_recolor
                0x10020ce4       0x2c .\CortexM4\ARM_GCC_541\Debug\lv_label.o
                0x10020ce4                lv_label_get_recolor
 .text.lv_label_get_body_draw
                0x10020d10       0x2c .\CortexM4\ARM_GCC_541\Debug\lv_label.o
                0x10020d10                lv_label_get_body_draw
 .text.lv_label_get_letter_on
                0x10020d3c      0x324 .\CortexM4\ARM_GCC_541\Debug\lv_label.o
                0x10020d3c                lv_label_get_letter_on
 .text.lv_label_get_text_sel_start
                0x10021060       0x18 .\CortexM4\ARM_GCC_541\Debug\lv_label.o
                0x10021060                lv_label_get_text_sel_start
 .text.lv_label_get_text_sel_end
                0x10021078       0x18 .\CortexM4\ARM_GCC_541\Debug\lv_label.o
                0x10021078                lv_label_get_text_sel_end
 .text.lv_label_design
                0x10021090      0x360 .\CortexM4\ARM_GCC_541\Debug\lv_label.o
 .text.lv_label_signal
                0x100213f0      0x198 .\CortexM4\ARM_GCC_541\Debug\lv_label.o
 .text.lv_label_refr_text
                0x10021588      0x5d4 .\CortexM4\ARM_GCC_541\Debug\lv_label.o
 .text.lv_label_revert_dots
                0x10021b5c       0xb4 .\CortexM4\ARM_GCC_541\Debug\lv_label.o
 .text.lv_label_set_offset_x
                0x10021c10       0x28 .\CortexM4\ARM_GCC_541\Debug\lv_label.o
 .text.lv_label_set_offset_y
                0x10021c38       0x28 .\CortexM4\ARM_GCC_541\Debug\lv_label.o
 .text.lv_label_set_dot_tmp
                0x10021c60       0x88 .\CortexM4\ARM_GCC_541\Debug\lv_label.o
 .text.lv_label_get_dot_tmp
                0x10021ce8       0x30 .\CortexM4\ARM_GCC_541\Debug\lv_label.o
 .text.lv_label_dot_tmp_free
                0x10021d18       0x48 .\CortexM4\ARM_GCC_541\Debug\lv_label.o
 .text.lv_area_copy
                0x10021d60       0x1c .\CortexM4\ARM_GCC_541\Debug\lv_slider.o
 .text.lv_area_get_width
                0x10021d7c       0x30 .\CortexM4\ARM_GCC_541\Debug\lv_slider.o
 .text.lv_area_get_height
                0x10021dac       0x30 .\CortexM4\ARM_GCC_541\Debug\lv_slider.o
 .text.lv_slider_set_value
                0x10021ddc       0x28 .\CortexM4\ARM_GCC_541\Debug\lv_slider.o
 .text.lv_slider_get_min_value
                0x10021e04       0x18 .\CortexM4\ARM_GCC_541\Debug\lv_slider.o
 .text.lv_slider_get_max_value
                0x10021e1c       0x18 .\CortexM4\ARM_GCC_541\Debug\lv_slider.o
 .text.lv_slider_create
                0x10021e34      0x128 .\CortexM4\ARM_GCC_541\Debug\lv_slider.o
                0x10021e34                lv_slider_create
 .text.lv_slider_set_knob_in
                0x10021f5c       0x50 .\CortexM4\ARM_GCC_541\Debug\lv_slider.o
                0x10021f5c                lv_slider_set_knob_in
 .text.lv_slider_set_style
                0x10021fac       0x54 .\CortexM4\ARM_GCC_541\Debug\lv_slider.o
                0x10021fac                lv_slider_set_style
 .text.lv_slider_get_value
                0x10022000       0x34 .\CortexM4\ARM_GCC_541\Debug\lv_slider.o
                0x10022000                lv_slider_get_value
 .text.lv_slider_get_style
                0x10022034       0x58 .\CortexM4\ARM_GCC_541\Debug\lv_slider.o
                0x10022034                lv_slider_get_style
 .text.lv_slider_design
                0x1002208c      0x948 .\CortexM4\ARM_GCC_541\Debug\lv_slider.o
 .text.lv_slider_signal
                0x100229d4      0x408 .\CortexM4\ARM_GCC_541\Debug\lv_slider.o
 .text.lv_slider_set_value
                0x10022ddc       0x28 .\CortexM4\ARM_GCC_541\Debug\lv_sw.o
 .text.lv_slider_set_range
                0x10022e04       0x28 .\CortexM4\ARM_GCC_541\Debug\lv_sw.o
 .text.lv_sw_get_state
                0x10022e2c       0x24 .\CortexM4\ARM_GCC_541\Debug\lv_sw.o
 .text.lv_sw_create
                0x10022e50      0x140 .\CortexM4\ARM_GCC_541\Debug\lv_sw.o
                0x10022e50                lv_sw_create
 .text.lv_sw_on
                0x10022f90       0x38 .\CortexM4\ARM_GCC_541\Debug\lv_sw.o
                0x10022f90                lv_sw_on
 .text.lv_sw_off
                0x10022fc8       0x38 .\CortexM4\ARM_GCC_541\Debug\lv_sw.o
                0x10022fc8                lv_sw_off
 .text.lv_sw_set_style
                0x10023000       0x9c .\CortexM4\ARM_GCC_541\Debug\lv_sw.o
                0x10023000                lv_sw_set_style
 .text.lv_sw_signal
                0x1002309c      0x364 .\CortexM4\ARM_GCC_541\Debug\lv_sw.o
 .text.lv_theme_set_current
                0x10023400       0x20 .\CortexM4\ARM_GCC_541\Debug\lv_theme.o
                0x10023400                lv_theme_set_current
 .text.lv_theme_get_current
                0x10023420       0x18 .\CortexM4\ARM_GCC_541\Debug\lv_theme.o
                0x10023420                lv_theme_get_current
 .text.lv_color_make
                0x10023438       0x38 .\CortexM4\ARM_GCC_541\Debug\lv_theme_material.o
 .text.lv_color_hex
                0x10023470       0x28 .\CortexM4\ARM_GCC_541\Debug\lv_theme_material.o
 .text.lv_color_hex3
                0x10023498       0x64 .\CortexM4\ARM_GCC_541\Debug\lv_theme_material.o
 .text.basic_init
                0x100234fc      0x184 .\CortexM4\ARM_GCC_541\Debug\lv_theme_material.o
 .text.cont_init
                0x10023680       0x1c .\CortexM4\ARM_GCC_541\Debug\lv_theme_material.o
 .text.btn_init
                0x1002369c      0x188 .\CortexM4\ARM_GCC_541\Debug\lv_theme_material.o
 .text.label_init
                0x10023824       0x8c .\CortexM4\ARM_GCC_541\Debug\lv_theme_material.o
 .text.img_init
                0x100238b0       0x6c .\CortexM4\ARM_GCC_541\Debug\lv_theme_material.o
 .text.line_init
                0x1002391c       0x1c .\CortexM4\ARM_GCC_541\Debug\lv_theme_material.o
 .text.led_init
                0x10023938       0x88 .\CortexM4\ARM_GCC_541\Debug\lv_theme_material.o
 .text.bar_init
                0x100239c0       0xa8 .\CortexM4\ARM_GCC_541\Debug\lv_theme_material.o
 .text.slider_init
                0x10023a68       0x54 .\CortexM4\ARM_GCC_541\Debug\lv_theme_material.o
 .text.sw_init  0x10023abc       0xbc .\CortexM4\ARM_GCC_541\Debug\lv_theme_material.o
 .text.lmeter_init
                0x10023b78       0x5c .\CortexM4\ARM_GCC_541\Debug\lv_theme_material.o
 .text.gauge_init
                0x10023bd4       0x80 .\CortexM4\ARM_GCC_541\Debug\lv_theme_material.o
 .text.arc_init
                0x10023c54       0x70 .\CortexM4\ARM_GCC_541\Debug\lv_theme_material.o
 .text.preload_init
                0x10023cc4       0x1c .\CortexM4\ARM_GCC_541\Debug\lv_theme_material.o
 .text.chart_init
                0x10023ce0       0x1c .\CortexM4\ARM_GCC_541\Debug\lv_theme_material.o
 .text.calendar_init
                0x10023cfc      0x14c .\CortexM4\ARM_GCC_541\Debug\lv_theme_material.o
 .text.cb_init  0x10023e48       0xf4 .\CortexM4\ARM_GCC_541\Debug\lv_theme_material.o
 .text.btnm_init
                0x10023f3c      0x16c .\CortexM4\ARM_GCC_541\Debug\lv_theme_material.o
 .text.kb_init  0x100240a8       0x6c .\CortexM4\ARM_GCC_541\Debug\lv_theme_material.o
 .text.mbox_init
                0x10024114       0x90 .\CortexM4\ARM_GCC_541\Debug\lv_theme_material.o
 .text.page_init
                0x100241a4       0x34 .\CortexM4\ARM_GCC_541\Debug\lv_theme_material.o
 .text.ta_init  0x100241d8       0x78 .\CortexM4\ARM_GCC_541\Debug\lv_theme_material.o
 .text.spinbox_init
                0x10024250       0x34 .\CortexM4\ARM_GCC_541\Debug\lv_theme_material.o
 .text.list_init
                0x10024284      0x198 .\CortexM4\ARM_GCC_541\Debug\lv_theme_material.o
 .text.ddlist_init
                0x1002441c       0xa0 .\CortexM4\ARM_GCC_541\Debug\lv_theme_material.o
 .text.roller_init
                0x100244bc       0x84 .\CortexM4\ARM_GCC_541\Debug\lv_theme_material.o
 .text.tabview_init
                0x10024540      0x20c .\CortexM4\ARM_GCC_541\Debug\lv_theme_material.o
 .text.tileview_init
                0x1002474c       0x34 .\CortexM4\ARM_GCC_541\Debug\lv_theme_material.o
 .text.table_init
                0x10024780       0x54 .\CortexM4\ARM_GCC_541\Debug\lv_theme_material.o
 .text.win_init
                0x100247d4      0x110 .\CortexM4\ARM_GCC_541\Debug\lv_theme_material.o
 .text.lv_theme_material_init
                0x100248e4       0xdc .\CortexM4\ARM_GCC_541\Debug\lv_theme_material.o
                0x100248e4                lv_theme_material_init
 .text.I2C_MASTER_MasterGetStatus
                0x100249c0       0x1c .\CortexM4\ARM_GCC_541\Debug\touchpad_glue.o
 .text.touchpad_read
                0x100249dc      0x138 .\CortexM4\ARM_GCC_541\Debug\touchpad_glue.o
                0x100249dc                touchpad_read
 .text.ili9488_init
                0x10024b14       0x64 .\CortexM4\ARM_GCC_541\Debug\display_glue.o
                0x10024b14                ili9488_init
 .text.ili9488_map
                0x10024b78      0x154 .\CortexM4\ARM_GCC_541\Debug\display_glue.o
                0x10024b78                ili9488_map
 .text.my_flush_cb
                0x10024ccc       0x44 .\CortexM4\ARM_GCC_541\Debug\display_glue.o
                0x10024ccc                my_flush_cb
 .text.__NVIC_EnableIRQ
                0x10024d10       0x3c .\CortexM4\ARM_GCC_541\Debug\main_cm4.o
 .text.Cy_GPIO_Write
                0x10024d4c       0x54 .\CortexM4\ARM_GCC_541\Debug\main_cm4.o
 .text.Cy_SCB_GetNumInRxFifo
                0x10024da0       0x20 .\CortexM4\ARM_GCC_541\Debug\main_cm4.o
 .text.Cy_SCB_GetTxInterruptStatus
                0x10024dc0       0x20 .\CortexM4\ARM_GCC_541\Debug\main_cm4.o
 .text.Cy_SCB_GetMasterInterruptStatus
                0x10024de0       0x20 .\CortexM4\ARM_GCC_541\Debug\main_cm4.o
 .text.Cy_SCB_ClearMasterInterrupt
                0x10024e00       0x3c .\CortexM4\ARM_GCC_541\Debug\main_cm4.o
 .text.Cy_SCB_GetSlaveInterruptStatus
                0x10024e3c       0x20 .\CortexM4\ARM_GCC_541\Debug\main_cm4.o
 .text.Cy_SCB_ClearSlaveInterrupt
                0x10024e5c       0x3c .\CortexM4\ARM_GCC_541\Debug\main_cm4.o
 .text.Cy_SCB_SPI_GetNumInRxFifo
                0x10024e98       0x18 .\CortexM4\ARM_GCC_541\Debug\main_cm4.o
 .text.Cy_SCB_SPI_GetTxFifoStatus
                0x10024eb0       0x1c .\CortexM4\ARM_GCC_541\Debug\main_cm4.o
 .text.Cy_SCB_SPI_GetSlaveMasterStatus
                0x10024ecc       0x38 .\CortexM4\ARM_GCC_541\Debug\main_cm4.o
 .text.Cy_SCB_SPI_ClearSlaveMasterStatus
                0x10024f04       0x58 .\CortexM4\ARM_GCC_541\Debug\main_cm4.o
 .text.Cy_SCB_SPI_ReadArray
                0x10024f5c       0x3c .\CortexM4\ARM_GCC_541\Debug\main_cm4.o
 .text.Cy_SCB_SPI_Write
                0x10024f98       0x1c .\CortexM4\ARM_GCC_541\Debug\main_cm4.o
 .text.Cy_SCB_SPI_WriteArray
                0x10024fb4       0x3c .\CortexM4\ARM_GCC_541\Debug\main_cm4.o
 .text.Cy_TCPWM_ClearInterrupt
                0x10024ff0       0x38 .\CortexM4\ARM_GCC_541\Debug\main_cm4.o
 .text.Cy_TCPWM_Counter_GetStatus
                0x10025028       0x50 .\CortexM4\ARM_GCC_541\Debug\main_cm4.o
 .text.DISP_TICK_TIMER_GetStatus
                0x10025078       0x18 .\CortexM4\ARM_GCC_541\Debug\main_cm4.o
 .text.DISP_TICK_TIMER_ClearInterrupt
                0x10025090       0x20 .\CortexM4\ARM_GCC_541\Debug\main_cm4.o
 .text.Interrupt_Handler_DISP_TICK
                0x100250b0       0x38 .\CortexM4\ARM_GCC_541\Debug\main_cm4.o
                0x100250b0                Interrupt_Handler_DISP_TICK
 .text.main     0x100250e8      0x3b8 .\CortexM4\ARM_GCC_541\Debug\main_cm4.o
                0x100250e8                main
 .text.lv_color_make
                0x100254a0       0x38 .\CortexM4\ARM_GCC_541\Debug\home_screen.o
 .text.lv_color_hex
                0x100254d8       0x28 .\CortexM4\ARM_GCC_541\Debug\home_screen.o
 .text.lv_scr_act
                0x10025500       0x18 .\CortexM4\ARM_GCC_541\Debug\home_screen.o
 .text.lv_slider_set_value
                0x10025518       0x28 .\CortexM4\ARM_GCC_541\Debug\home_screen.o
 .text.lv_slider_set_range
                0x10025540       0x28 .\CortexM4\ARM_GCC_541\Debug\home_screen.o
 .text.lv_sw_get_state
                0x10025568       0x24 .\CortexM4\ARM_GCC_541\Debug\home_screen.o
 .text.sw_event_handler
                0x1002558c       0x40 .\CortexM4\ARM_GCC_541\Debug\home_screen.o
 .text.offset_slider_event_cb
                0x100255cc       0x58 .\CortexM4\ARM_GCC_541\Debug\home_screen.o
 .text.trigger_slider_event_cb
                0x10025624       0x58 .\CortexM4\ARM_GCC_541\Debug\home_screen.o
 .text.hori_slider_event_cb
                0x1002567c       0x58 .\CortexM4\ARM_GCC_541\Debug\home_screen.o
 .text.verti_slider_event_cb
                0x100256d4       0x58 .\CortexM4\ARM_GCC_541\Debug\home_screen.o
 .text.window_slider_event_cb
                0x1002572c       0x58 .\CortexM4\ARM_GCC_541\Debug\home_screen.o
 .text.home_screen
                0x10025784      0x530 .\CortexM4\ARM_GCC_541\Debug\home_screen.o
                0x10025784                home_screen
 .text.SystemInit
                0x10025cb4       0x4c .\CortexM4\ARM_GCC_541\Debug\system_psoc6_cm4.o
                0x10025cb4                SystemInit
 .text.Cy_SystemInit
                0x10025d00       0x10 .\CortexM4\ARM_GCC_541\Debug\system_psoc6_cm4.o
                0x10025d00                Cy_SystemInit
 .text.SystemCoreClockUpdate
                0x10025d10      0x300 .\CortexM4\ARM_GCC_541\Debug\system_psoc6_cm4.o
                0x10025d10                SystemCoreClockUpdate
 .text.Cy_SystemInitFpuEnable
                0x10026010       0x38 .\CortexM4\ARM_GCC_541\Debug\system_psoc6_cm4.o
                0x10026010                Cy_SystemInitFpuEnable
 .text.Cy_SysIpcPipeIsrCm4
                0x10026048       0x10 .\CortexM4\ARM_GCC_541\Debug\system_psoc6_cm4.o
                0x10026048                Cy_SysIpcPipeIsrCm4
 .text.__NVIC_EnableIRQ
                0x10026058       0x3c .\CortexM4\ARM_GCC_541\Debug\cy_flash.o
 .text.Cy_SysClk_ClkPeriGetDivider
                0x10026094       0x2c .\CortexM4\ARM_GCC_541\Debug\cy_flash.o
 .text.Cy_SysClk_ClkSlowGetDivider
                0x100260c0       0x2c .\CortexM4\ARM_GCC_541\Debug\cy_flash.o
 .text.Cy_IPC_Drv_GetIpcBaseAddress
                0x100260ec       0x4c .\CortexM4\ARM_GCC_541\Debug\cy_flash.o
 .text.Cy_IPC_Drv_ReadDataValue
                0x10026138       0x18 .\CortexM4\ARM_GCC_541\Debug\cy_flash.o
 .text.Cy_IPC_Drv_IsLockAcquired
                0x10026150       0x30 .\CortexM4\ARM_GCC_541\Debug\cy_flash.o
 .text.Cy_IPC_Drv_SendMsgPtr
                0x10026180       0x38 .\CortexM4\ARM_GCC_541\Debug\cy_flash.o
 .text.Cy_Flash_InitExt
                0x100261b8       0x8c .\CortexM4\ARM_GCC_541\Debug\cy_flash.o
                0x100261b8                Cy_Flash_InitExt
 .text.Cy_Flash_Init
                0x10026244       0x14 .\CortexM4\ARM_GCC_541\Debug\cy_flash.o
                0x10026244                Cy_Flash_Init
 .text.Cy_Flash_ProcessOpcode
                0x10026258       0xf8 .\CortexM4\ARM_GCC_541\Debug\cy_flash.o
 .text.Cy_Flash_OperationStatus
                0x10026350       0x60 .\CortexM4\ARM_GCC_541\Debug\cy_flash.o
 .text.Cy_IPC_Drv_AcquireNotify
                0x100263b0       0x34 .\CortexM4\ARM_GCC_541\Debug\cy_ipc_drv.o
 .text.Cy_IPC_Drv_ReleaseNotify
                0x100263e4       0x34 .\CortexM4\ARM_GCC_541\Debug\cy_ipc_drv.o
 .text.Cy_IPC_Drv_WriteDataValue
                0x10026418       0x1c .\CortexM4\ARM_GCC_541\Debug\cy_ipc_drv.o
 .text.Cy_IPC_Drv_ReadDataValue
                0x10026434       0x18 .\CortexM4\ARM_GCC_541\Debug\cy_ipc_drv.o
 .text.Cy_IPC_Drv_IsLockAcquired
                0x1002644c       0x30 .\CortexM4\ARM_GCC_541\Debug\cy_ipc_drv.o
 .text.Cy_IPC_Drv_LockAcquire
                0x1002647c       0x2c .\CortexM4\ARM_GCC_541\Debug\cy_ipc_drv.o
 .text.Cy_IPC_Drv_LockRelease
                0x100264a8       0x38 .\CortexM4\ARM_GCC_541\Debug\cy_ipc_drv.o
                0x100264a8                Cy_IPC_Drv_LockRelease
 .text.Cy_IPC_Drv_SendMsgWord
                0x100264e0       0x40 .\CortexM4\ARM_GCC_541\Debug\cy_ipc_drv.o
                0x100264e0                Cy_IPC_Drv_SendMsgWord
 .text.Cy_IPC_Drv_ReadMsgWord
                0x10026520       0x4c .\CortexM4\ARM_GCC_541\Debug\cy_ipc_drv.o
                0x10026520                Cy_IPC_Drv_ReadMsgWord
 .text.Cy_IPC_Drv_GetIpcBaseAddress
                0x1002656c       0x4c .\CortexM4\ARM_GCC_541\Debug\cy_ipc_sema.o
 .text.Cy_IPC_Drv_ReadDataValue
                0x100265b8       0x18 .\CortexM4\ARM_GCC_541\Debug\cy_ipc_sema.o
 .text.Cy_IPC_Drv_SendMsgPtr
                0x100265d0       0x38 .\CortexM4\ARM_GCC_541\Debug\cy_ipc_sema.o
 .text.Cy_IPC_Drv_LockAcquire
                0x10026608       0x2c .\CortexM4\ARM_GCC_541\Debug\cy_ipc_sema.o
 .text.Cy_IPC_Sema_Init
                0x10026634       0x6c .\CortexM4\ARM_GCC_541\Debug\cy_ipc_sema.o
                0x10026634                Cy_IPC_Sema_Init
 .text.Cy_IPC_Sema_InitExt
                0x100266a0       0xbc .\CortexM4\ARM_GCC_541\Debug\cy_ipc_sema.o
                0x100266a0                Cy_IPC_Sema_InitExt
 .text.Cy_IPC_Sema_Clear
                0x1002675c       0xe0 .\CortexM4\ARM_GCC_541\Debug\cy_ipc_sema.o
                0x1002675c                Cy_IPC_Sema_Clear
 .text.Cy_IPC_Sema_Status
                0x1002683c       0x74 .\CortexM4\ARM_GCC_541\Debug\cy_ipc_sema.o
                0x1002683c                Cy_IPC_Sema_Status
 .text.__NVIC_EnableIRQ
                0x100268b0       0x3c .\CortexM4\ARM_GCC_541\Debug\cy_ipc_pipe.o
 .text.Cy_IPC_Drv_GetIpcBaseAddress
                0x100268ec       0x4c .\CortexM4\ARM_GCC_541\Debug\cy_ipc_pipe.o
 .text.Cy_IPC_Drv_GetIntrBaseAddr
                0x10026938       0x44 .\CortexM4\ARM_GCC_541\Debug\cy_ipc_pipe.o
 .text.Cy_IPC_Drv_SetInterruptMask
                0x1002697c       0x50 .\CortexM4\ARM_GCC_541\Debug\cy_ipc_pipe.o
 .text.Cy_IPC_Drv_GetInterruptStatusMasked
                0x100269cc       0x18 .\CortexM4\ARM_GCC_541\Debug\cy_ipc_pipe.o
 .text.Cy_IPC_Drv_GetInterruptStatus
                0x100269e4       0x18 .\CortexM4\ARM_GCC_541\Debug\cy_ipc_pipe.o
 .text.Cy_IPC_Drv_ClearInterrupt
                0x100269fc       0x54 .\CortexM4\ARM_GCC_541\Debug\cy_ipc_pipe.o
 .text.Cy_IPC_Drv_AcquireNotify
                0x10026a50       0x34 .\CortexM4\ARM_GCC_541\Debug\cy_ipc_pipe.o
 .text.Cy_IPC_Drv_WriteDataValue
                0x10026a84       0x1c .\CortexM4\ARM_GCC_541\Debug\cy_ipc_pipe.o
 .text.Cy_IPC_Drv_IsLockAcquired
                0x10026aa0       0x30 .\CortexM4\ARM_GCC_541\Debug\cy_ipc_pipe.o
 .text.Cy_IPC_Drv_ExtractAcquireMask
                0x10026ad0       0x18 .\CortexM4\ARM_GCC_541\Debug\cy_ipc_pipe.o
 .text.Cy_IPC_Drv_ExtractReleaseMask
                0x10026ae8       0x18 .\CortexM4\ARM_GCC_541\Debug\cy_ipc_pipe.o
 .text.Cy_IPC_Drv_ReadMsgPtr
                0x10026b00       0x30 .\CortexM4\ARM_GCC_541\Debug\cy_ipc_pipe.o
 .text.Cy_IPC_Drv_LockAcquire
                0x10026b30       0x2c .\CortexM4\ARM_GCC_541\Debug\cy_ipc_pipe.o
 .text.Cy_IPC_Pipe_Config
                0x10026b5c       0x28 .\CortexM4\ARM_GCC_541\Debug\cy_ipc_pipe.o
                0x10026b5c                Cy_IPC_Pipe_Config
 .text.Cy_IPC_Pipe_Init
                0x10026b84       0xd8 .\CortexM4\ARM_GCC_541\Debug\cy_ipc_pipe.o
                0x10026b84                Cy_IPC_Pipe_Init
 .text.Cy_IPC_Pipe_EndpointInit
                0x10026c5c       0xac .\CortexM4\ARM_GCC_541\Debug\cy_ipc_pipe.o
                0x10026c5c                Cy_IPC_Pipe_EndpointInit
 .text.Cy_IPC_Pipe_SendMessage
                0x10026d08       0xf8 .\CortexM4\ARM_GCC_541\Debug\cy_ipc_pipe.o
                0x10026d08                Cy_IPC_Pipe_SendMessage
 .text.Cy_IPC_Pipe_RegisterCallback
                0x10026e00       0x78 .\CortexM4\ARM_GCC_541\Debug\cy_ipc_pipe.o
                0x10026e00                Cy_IPC_Pipe_RegisterCallback
 .text.Cy_IPC_Pipe_ExecuteCallback
                0x10026e78       0x40 .\CortexM4\ARM_GCC_541\Debug\cy_ipc_pipe.o
                0x10026e78                Cy_IPC_Pipe_ExecuteCallback
 .text.Cy_IPC_Pipe_ExecCallback
                0x10026eb8      0x150 .\CortexM4\ARM_GCC_541\Debug\cy_ipc_pipe.o
                0x10026eb8                Cy_IPC_Pipe_ExecCallback
 .text.__NVIC_SetPriority
                0x10027008       0x54 .\CortexM4\ARM_GCC_541\Debug\cy_sysint.o
 .text.Cy_SysInt_Init
                0x1002705c       0x70 .\CortexM4\ARM_GCC_541\Debug\cy_sysint.o
                0x1002705c                Cy_SysInt_Init
 .text.Cy_SysInt_SetVector
                0x100270cc       0x6c .\CortexM4\ARM_GCC_541\Debug\cy_sysint.o
                0x100270cc                Cy_SysInt_SetVector
 .text.Cy_SysLib_Delay
                0x10027138       0x44 .\CortexM4\ARM_GCC_541\Debug\cy_syslib.o
                0x10027138                Cy_SysLib_Delay
 .text.Cy_SysLib_Halt
                0x1002717c        0xc .\CortexM4\ARM_GCC_541\Debug\cy_syslib.o
                0x1002717c                Cy_SysLib_Halt
 .text.Cy_SysLib_AssertFailed
                0x10027188       0x28 .\CortexM4\ARM_GCC_541\Debug\cy_syslib.o
                0x10027188                Cy_SysLib_AssertFailed
 .text.Cy_SysLib_FaultHandler
                0x100271b0      0x11c .\CortexM4\ARM_GCC_541\Debug\cy_syslib.o
                0x100271b0                Cy_SysLib_FaultHandler
 .text.Cy_SysLib_ProcessingFault
                0x100272cc        0x8 .\CortexM4\ARM_GCC_541\Debug\cy_syslib.o
                0x100272cc                Cy_SysLib_ProcessingFault
 *fill*         0x100272d4        0x4 
 .text          0x100272d8       0x20 .\CortexM4\ARM_GCC_541\Debug\cy_syslib_gcc.o
                0x100272d8                Cy_SysLib_DelayCycles
                0x100272ea                Cy_SysLib_EnterCriticalSection
                0x100272f2                Cy_SysLib_ExitCriticalSection
 .text.Cy_SysLib_GetDeviceRevision
                0x100272f8       0x28 .\CortexM4\ARM_GCC_541\Debug\cy_syspm.o
 .text.Cy_PDL_Init
                0x10027320       0x20 .\CortexM4\ARM_GCC_541\Debug\cy_device.o
                0x10027320                Cy_PDL_Init
 .text.Cy_SCB_ReadRxFifo
                0x10027340       0x1c .\CortexM4\ARM_GCC_541\Debug\cy_scb_common.o
 .text.Cy_SCB_GetNumInRxFifo
                0x1002735c       0x20 .\CortexM4\ARM_GCC_541\Debug\cy_scb_common.o
 .text.Cy_SCB_WriteTxFifo
                0x1002737c       0x20 .\CortexM4\ARM_GCC_541\Debug\cy_scb_common.o
 .text.Cy_SCB_GetNumInTxFifo
                0x1002739c       0x20 .\CortexM4\ARM_GCC_541\Debug\cy_scb_common.o
 .text.Cy_SCB_GetFifoSize
                0x100273bc       0x28 .\CortexM4\ARM_GCC_541\Debug\cy_scb_common.o
 .text.Cy_SCB_IsRxDataWidthByte
                0x100273e4       0x28 .\CortexM4\ARM_GCC_541\Debug\cy_scb_common.o
 .text.Cy_SCB_IsTxDataWidthByte
                0x1002740c       0x28 .\CortexM4\ARM_GCC_541\Debug\cy_scb_common.o
 .text.Cy_SCB_ReadArrayNoCheck
                0x10027434       0x78 .\CortexM4\ARM_GCC_541\Debug\cy_scb_common.o
                0x10027434                Cy_SCB_ReadArrayNoCheck
 .text.Cy_SCB_ReadArray
                0x100274ac       0x34 .\CortexM4\ARM_GCC_541\Debug\cy_scb_common.o
                0x100274ac                Cy_SCB_ReadArray
 .text.Cy_SCB_Write
                0x100274e0       0x38 .\CortexM4\ARM_GCC_541\Debug\cy_scb_common.o
                0x100274e0                Cy_SCB_Write
 .text.Cy_SCB_WriteArrayNoCheck
                0x10027518       0x74 .\CortexM4\ARM_GCC_541\Debug\cy_scb_common.o
                0x10027518                Cy_SCB_WriteArrayNoCheck
 .text.Cy_SCB_WriteArray
                0x1002758c       0x40 .\CortexM4\ARM_GCC_541\Debug\cy_scb_common.o
                0x1002758c                Cy_SCB_WriteArray
 .text.Cy_SCB_WriteDefaultArrayNoCheck
                0x100275cc       0x2c .\CortexM4\ARM_GCC_541\Debug\cy_scb_common.o
                0x100275cc                Cy_SCB_WriteDefaultArrayNoCheck
 .text.Cy_SCB_WriteDefaultArray
                0x100275f8       0x40 .\CortexM4\ARM_GCC_541\Debug\cy_scb_common.o
                0x100275f8                Cy_SCB_WriteDefaultArray
 .text.Cy_SCB_ReadRxFifo
                0x10027638       0x1c .\CortexM4\ARM_GCC_541\Debug\cy_scb_i2c.o
 .text.Cy_SCB_SetRxFifoLevel
                0x10027654       0x44 .\CortexM4\ARM_GCC_541\Debug\cy_scb_i2c.o
 .text.Cy_SCB_GetNumInRxFifo
                0x10027698       0x20 .\CortexM4\ARM_GCC_541\Debug\cy_scb_i2c.o
 .text.Cy_SCB_ClearRxFifo
                0x100276b8       0x3c .\CortexM4\ARM_GCC_541\Debug\cy_scb_i2c.o
 .text.Cy_SCB_WriteTxFifo
                0x100276f4       0x20 .\CortexM4\ARM_GCC_541\Debug\cy_scb_i2c.o
 .text.Cy_SCB_SetTxFifoLevel
                0x10027714       0x44 .\CortexM4\ARM_GCC_541\Debug\cy_scb_i2c.o
 .text.Cy_SCB_GetNumInTxFifo
                0x10027758       0x20 .\CortexM4\ARM_GCC_541\Debug\cy_scb_i2c.o
 .text.Cy_SCB_GetTxSrValid
                0x10027778       0x20 .\CortexM4\ARM_GCC_541\Debug\cy_scb_i2c.o
 .text.Cy_SCB_ClearTxFifo
                0x10027798       0x3c .\CortexM4\ARM_GCC_541\Debug\cy_scb_i2c.o
 .text.Cy_SCB_GetInterruptCause
                0x100277d4       0x1c .\CortexM4\ARM_GCC_541\Debug\cy_scb_i2c.o
 .text.Cy_SCB_SetRxInterruptMask
                0x100277f0       0x38 .\CortexM4\ARM_GCC_541\Debug\cy_scb_i2c.o
 .text.Cy_SCB_GetRxInterruptStatusMasked
                0x10027828       0x1c .\CortexM4\ARM_GCC_541\Debug\cy_scb_i2c.o
 .text.Cy_SCB_ClearRxInterrupt
                0x10027844       0x3c .\CortexM4\ARM_GCC_541\Debug\cy_scb_i2c.o
 .text.Cy_SCB_SetRxInterrupt
                0x10027880       0x38 .\CortexM4\ARM_GCC_541\Debug\cy_scb_i2c.o
 .text.Cy_SCB_SetTxInterruptMask
                0x100278b8       0x38 .\CortexM4\ARM_GCC_541\Debug\cy_scb_i2c.o
 .text.Cy_SCB_GetTxInterruptStatusMasked
                0x100278f0       0x1c .\CortexM4\ARM_GCC_541\Debug\cy_scb_i2c.o
 .text.Cy_SCB_ClearTxInterrupt
                0x1002790c       0x3c .\CortexM4\ARM_GCC_541\Debug\cy_scb_i2c.o
 .text.Cy_SCB_GetMasterInterruptStatus
                0x10027948       0x20 .\CortexM4\ARM_GCC_541\Debug\cy_scb_i2c.o
 .text.Cy_SCB_SetMasterInterruptMask
                0x10027968       0x38 .\CortexM4\ARM_GCC_541\Debug\cy_scb_i2c.o
 .text.Cy_SCB_GetMasterInterruptStatusMasked
                0x100279a0       0x1c .\CortexM4\ARM_GCC_541\Debug\cy_scb_i2c.o
 .text.Cy_SCB_ClearMasterInterrupt
                0x100279bc       0x3c .\CortexM4\ARM_GCC_541\Debug\cy_scb_i2c.o
 .text.Cy_SCB_SetSlaveInterruptMask
                0x100279f8       0x38 .\CortexM4\ARM_GCC_541\Debug\cy_scb_i2c.o
 .text.Cy_SCB_GetSlaveInterruptStatusMasked
                0x10027a30       0x1c .\CortexM4\ARM_GCC_541\Debug\cy_scb_i2c.o
 .text.Cy_SCB_ClearSlaveInterrupt
                0x10027a4c       0x3c .\CortexM4\ARM_GCC_541\Debug\cy_scb_i2c.o
 .text.Cy_SCB_GetI2CInterruptStatusMasked
                0x10027a88       0x1c .\CortexM4\ARM_GCC_541\Debug\cy_scb_i2c.o
 .text.Cy_SCB_ClearI2CInterrupt
                0x10027aa4       0x38 .\CortexM4\ARM_GCC_541\Debug\cy_scb_i2c.o
 .text.Cy_SCB_GetFifoSize
                0x10027adc       0x28 .\CortexM4\ARM_GCC_541\Debug\cy_scb_i2c.o
 .text.Cy_SCB_FwBlockReset
                0x10027b04       0x3c .\CortexM4\ARM_GCC_541\Debug\cy_scb_i2c.o
 .text.Cy_SCB_GetRxFifoLevel
                0x10027b40       0x1c .\CortexM4\ARM_GCC_541\Debug\cy_scb_i2c.o
 .text.Cy_SCB_I2C_MasterSetLowPhaseDutyCycle
                0x10027b5c       0x44 .\CortexM4\ARM_GCC_541\Debug\cy_scb_i2c.o
 .text.Cy_SCB_I2C_MasterSetHighPhaseDutyCycle
                0x10027ba0       0x44 .\CortexM4\ARM_GCC_541\Debug\cy_scb_i2c.o
 .text.Cy_SCB_I2C_Init
                0x10027be4      0x244 .\CortexM4\ARM_GCC_541\Debug\cy_scb_i2c.o
                0x10027be4                Cy_SCB_I2C_Init
 .text.Cy_SCB_I2C_SetDataRate
                0x10027e28      0x270 .\CortexM4\ARM_GCC_541\Debug\cy_scb_i2c.o
                0x10027e28                Cy_SCB_I2C_SetDataRate
 .text.Cy_SCB_I2C_GetDataRate
                0x10028098       0xd0 .\CortexM4\ARM_GCC_541\Debug\cy_scb_i2c.o
                0x10028098                Cy_SCB_I2C_GetDataRate
 .text.Cy_SCB_I2C_MasterGetStatus
                0x10028168       0x1c .\CortexM4\ARM_GCC_541\Debug\cy_scb_i2c.o
                0x10028168                Cy_SCB_I2C_MasterGetStatus
 .text.Cy_SCB_I2C_MasterRead
                0x10028184      0x194 .\CortexM4\ARM_GCC_541\Debug\cy_scb_i2c.o
                0x10028184                Cy_SCB_I2C_MasterRead