#-----------------------------------------------------------
# Vivado v2019.1 (64-bit)
# SW Build 2552052 on Fri May 24 14:49:42 MDT 2019
# IP Build 2548770 on Fri May 24 18:01:18 MDT 2019
# Start of session at: Tue Oct 27 20:43:20 2020
# Process ID: 26216
# Current directory: C:/Users/Brian Worts/Desktop/Senior Project/Oscilloscope_Senior_Project/Verilog/FPGA_CODE
# Command line: vivado.exe -gui_launcher_event rodinguilauncherevent22420 C:\Users\Brian Worts\Desktop\Senior Project\Oscilloscope_Senior_Project\Verilog\FPGA_CODE\FPGA_CODE.xpr
# Log file: C:/Users/Brian Worts/Desktop/Senior Project/Oscilloscope_Senior_Project/Verilog/FPGA_CODE/vivado.log
# Journal file: C:/Users/Brian Worts/Desktop/Senior Project/Oscilloscope_Senior_Project/Verilog/FPGA_CODE\vivado.jou
#-----------------------------------------------------------
start_gui
open_project {C:/Users/Brian Worts/Desktop/Senior Project/Oscilloscope_Senior_Project/Verilog/FPGA_CODE/FPGA_CODE.xpr}
update_compile_order -fileset sources_1
