Archive member included to satisfy reference by file (symbol)

e:/applications/psoc/psoc creator/4.3/psoc creator/import/gnu/arm/5.4.1/bin/../lib/gcc/arm-none-eabi/5.4.1/armv6-m\libgcc.a(_udivsi3.o)
                              .\CortexM0p\ARM_GCC_541\Debug\system_psoc6_cm0plus.o (__aeabi_uidiv)
e:/applications/psoc/psoc creator/4.3/psoc creator/import/gnu/arm/5.4.1/bin/../lib/gcc/arm-none-eabi/5.4.1/armv6-m\libgcc.a(_dvmd_tls.o)
                              e:/applications/psoc/psoc creator/4.3/psoc creator/import/gnu/arm/5.4.1/bin/../lib/gcc/arm-none-eabi/5.4.1/armv6-m\libgcc.a(_udivsi3.o) (__aeabi_idiv0)
e:/applications/psoc/psoc creator/4.3/psoc creator/import/gnu/arm/5.4.1/bin/../lib/gcc/arm-none-eabi/5.4.1/armv6-m\libgcc.a(_arm_cmpsf2.o)
                              .\CortexM0p\ARM_GCC_541\Debug\cy_sysclk.o (__aeabi_fcmplt)
e:/applications/psoc/psoc creator/4.3/psoc creator/import/gnu/arm/5.4.1/bin/../lib/gcc/arm-none-eabi/5.4.1/armv6-m\libgcc.a(_aeabi_uldivmod.o)
                              .\CortexM0p\ARM_GCC_541\Debug\cy_sysclk.o (__aeabi_uldivmod)
e:/applications/psoc/psoc creator/4.3/psoc creator/import/gnu/arm/5.4.1/bin/../lib/gcc/arm-none-eabi/5.4.1/armv6-m\libgcc.a(_muldi3.o)
                              .\CortexM0p\ARM_GCC_541\Debug\cy_profile.o (__aeabi_lmul)
e:/applications/psoc/psoc creator/4.3/psoc creator/import/gnu/arm/5.4.1/bin/../lib/gcc/arm-none-eabi/5.4.1/armv6-m\libgcc.a(_fixunssfsi.o)
                              .\CortexM0p\ARM_GCC_541\Debug\cy_sysclk.o (__aeabi_f2uiz)
e:/applications/psoc/psoc creator/4.3/psoc creator/import/gnu/arm/5.4.1/bin/../lib/gcc/arm-none-eabi/5.4.1/armv6-m\libgcc.a(_fixunsdfsi.o)
                              .\CortexM0p\ARM_GCC_541\Debug\cy_sysclk.o (__aeabi_d2uiz)
e:/applications/psoc/psoc creator/4.3/psoc creator/import/gnu/arm/5.4.1/bin/../lib/gcc/arm-none-eabi/5.4.1/armv6-m\libgcc.a(_udivmoddi4.o)
                              e:/applications/psoc/psoc creator/4.3/psoc creator/import/gnu/arm/5.4.1/bin/../lib/gcc/arm-none-eabi/5.4.1/armv6-m\libgcc.a(_aeabi_uldivmod.o) (__udivmoddi4)
e:/applications/psoc/psoc creator/4.3/psoc creator/import/gnu/arm/5.4.1/bin/../lib/gcc/arm-none-eabi/5.4.1/armv6-m\libgcc.a(addsf3.o)
                              .\CortexM0p\ARM_GCC_541\Debug\cy_sysclk.o (__aeabi_fadd)
e:/applications/psoc/psoc creator/4.3/psoc creator/import/gnu/arm/5.4.1/bin/../lib/gcc/arm-none-eabi/5.4.1/armv6-m\libgcc.a(divsf3.o)
                              .\CortexM0p\ARM_GCC_541\Debug\cy_sysclk.o (__aeabi_fdiv)
e:/applications/psoc/psoc creator/4.3/psoc creator/import/gnu/arm/5.4.1/bin/../lib/gcc/arm-none-eabi/5.4.1/armv6-m\libgcc.a(eqsf2.o)
                              e:/applications/psoc/psoc creator/4.3/psoc creator/import/gnu/arm/5.4.1/bin/../lib/gcc/arm-none-eabi/5.4.1/armv6-m\libgcc.a(_arm_cmpsf2.o) (__eqsf2)
e:/applications/psoc/psoc creator/4.3/psoc creator/import/gnu/arm/5.4.1/bin/../lib/gcc/arm-none-eabi/5.4.1/armv6-m\libgcc.a(gesf2.o)
                              e:/applications/psoc/psoc creator/4.3/psoc creator/import/gnu/arm/5.4.1/bin/../lib/gcc/arm-none-eabi/5.4.1/armv6-m\libgcc.a(_arm_cmpsf2.o) (__gesf2)
e:/applications/psoc/psoc creator/4.3/psoc creator/import/gnu/arm/5.4.1/bin/../lib/gcc/arm-none-eabi/5.4.1/armv6-m\libgcc.a(lesf2.o)
                              e:/applications/psoc/psoc creator/4.3/psoc creator/import/gnu/arm/5.4.1/bin/../lib/gcc/arm-none-eabi/5.4.1/armv6-m\libgcc.a(_arm_cmpsf2.o) (__lesf2)
e:/applications/psoc/psoc creator/4.3/psoc creator/import/gnu/arm/5.4.1/bin/../lib/gcc/arm-none-eabi/5.4.1/armv6-m\libgcc.a(mulsf3.o)
                              .\CortexM0p\ARM_GCC_541\Debug\cy_sysclk.o (__aeabi_fmul)
e:/applications/psoc/psoc creator/4.3/psoc creator/import/gnu/arm/5.4.1/bin/../lib/gcc/arm-none-eabi/5.4.1/armv6-m\libgcc.a(subsf3.o)
                              .\CortexM0p\ARM_GCC_541\Debug\cy_sysclk.o (__aeabi_fsub)
e:/applications/psoc/psoc creator/4.3/psoc creator/import/gnu/arm/5.4.1/bin/../lib/gcc/arm-none-eabi/5.4.1/armv6-m\libgcc.a(fixsfsi.o)
                              e:/applications/psoc/psoc creator/4.3/psoc creator/import/gnu/arm/5.4.1/bin/../lib/gcc/arm-none-eabi/5.4.1/armv6-m\libgcc.a(_fixunssfsi.o) (__aeabi_f2iz)
e:/applications/psoc/psoc creator/4.3/psoc creator/import/gnu/arm/5.4.1/bin/../lib/gcc/arm-none-eabi/5.4.1/armv6-m\libgcc.a(floatunsisf.o)
                              .\CortexM0p\ARM_GCC_541\Debug\cy_sysclk.o (__aeabi_ui2f)
e:/applications/psoc/psoc creator/4.3/psoc creator/import/gnu/arm/5.4.1/bin/../lib/gcc/arm-none-eabi/5.4.1/armv6-m\libgcc.a(divdf3.o)
                              .\CortexM0p\ARM_GCC_541\Debug\cy_sysclk.o (__aeabi_ddiv)
e:/applications/psoc/psoc creator/4.3/psoc creator/import/gnu/arm/5.4.1/bin/../lib/gcc/arm-none-eabi/5.4.1/armv6-m\libgcc.a(subdf3.o)
                              e:/applications/psoc/psoc creator/4.3/psoc creator/import/gnu/arm/5.4.1/bin/../lib/gcc/arm-none-eabi/5.4.1/armv6-m\libgcc.a(_fixunsdfsi.o) (__aeabi_dsub)
[...]
Memory Configuration

Name             Origin             Length             Attributes
ram              0x08000000         0x00024000         xrw
flash            0x10000000         0x00080000         xr
em_eeprom        0x14000000         0x00008000         xr
sflash_user_data 0x16000800         0x00000800         xr
sflash_nar       0x16001a00         0x00000200         xr
sflash_public_key 0x16005a00         0x00000c00         xr
sflash_toc_2     0x16007c00         0x00000200         xr
sflash_rtoc_2    0x16007e00         0x00000200         xr
xip              0x18000000         0x08000000         xr
efuse            0x90700000         0x00100000         r
*default*        0x00000000         0xffffffff

Linker script and memory map

LOAD e:/applications/psoc/psoc creator/4.3/psoc creator/import/gnu/arm/5.4.1/bin/../lib/gcc/arm-none-eabi/5.4.1/armv6-m/crti.o
LOAD e:/applications/psoc/psoc creator/4.3/psoc creator/import/gnu/arm/5.4.1/bin/../lib/gcc/arm-none-eabi/5.4.1/armv6-m/crtbegin.o
LOAD e:/applications/psoc/psoc creator/4.3/psoc creator/import/gnu/arm/5.4.1/bin/../lib/gcc/arm-none-eabi/5.4.1/../../../../arm-none-eabi/lib/armv6-m/crt0.o
START GROUP
LOAD .\CortexM0p\ARM_GCC_541\Debug\startup_psoc6_01_cm0plus.o
LOAD .\CortexM0p\ARM_GCC_541\Debug\main_cm0p.o
LOAD .\CortexM0p\ARM_GCC_541\Debug\system_psoc6_cm0plus.o
LOAD .\CortexM0p\ARM_GCC_541\Debug\cyfitter_sysint_cfg.o
LOAD .\CortexM0p\ARM_GCC_541\Debug\cyfitter_cfg.o
LOAD .\CortexM0p\ARM_GCC_541\Debug\cymetadata.o
LOAD .\CortexM0p\ARM_GCC_541\Debug\cy_efuse.o
LOAD .\CortexM0p\ARM_GCC_541\Debug\cy_flash.o
LOAD .\CortexM0p\ARM_GCC_541\Debug\cy_gpio.o
LOAD .\CortexM0p\ARM_GCC_541\Debug\cy_ipc_drv.o
LOAD .\CortexM0p\ARM_GCC_541\Debug\cy_ipc_sema.o
LOAD .\CortexM0p\ARM_GCC_541\Debug\cy_ipc_pipe.o
LOAD .\CortexM0p\ARM_GCC_541\Debug\cy_lvd.o
LOAD .\CortexM0p\ARM_GCC_541\Debug\cy_profile.o
LOAD .\CortexM0p\ARM_GCC_541\Debug\cy_prot.o
LOAD .\CortexM0p\ARM_GCC_541\Debug\cy_sysanalog.o
LOAD .\CortexM0p\ARM_GCC_541\Debug\cy_sysclk.o
LOAD .\CortexM0p\ARM_GCC_541\Debug\cy_sysint.o
LOAD .\CortexM0p\ARM_GCC_541\Debug\cy_syslib.o
LOAD .\CortexM0p\ARM_GCC_541\Debug\cy_syslib_gcc.o
LOAD .\CortexM0p\ARM_GCC_541\Debug\cy_syspm.o
LOAD .\CortexM0p\ARM_GCC_541\Debug\cy_systick.o
LOAD .\CortexM0p\ARM_GCC_541\Debug\cy_trigmux.o
LOAD .\CortexM0p\ARM_GCC_541\Debug\cy_wdt.o
LOAD .\CortexM0p\ARM_GCC_541\Debug\cy_device.o
LOAD .\CortexM0p\ARM_GCC_541\Debug\cy_scb_common.o
LOAD .\CortexM0p\ARM_GCC_541\Debug\cy_scb_i2c.o
LOAD .\CortexM0p\ARM_GCC_541\Debug\cy_scb_ezi2c.o
LOAD .\CortexM0p\ARM_GCC_541\Debug\cy_scb_spi.o
LOAD .\CortexM0p\ARM_GCC_541\Debug\cy_scb_uart.o
LOAD .\CortexM0p\ARM_GCC_541\Debug\cy_tcpwm_counter.o
LOAD .\CortexM0p\ARM_GCC_541\Debug\cy_tcpwm_pwm.o
LOAD .\CortexM0p\ARM_GCC_541\Debug\cy_tcpwm_quaddec.o
LOAD .\CortexM0p\ARM_GCC_541\Debug\cy_ble_clk.o
LOAD .\CortexM0p\ARM_GCC_541\Debug\DISP_TICK_TIMER.o
LOAD .\CortexM0p\ARM_GCC_541\Debug\I2C_MASTER.o
LOAD .\CortexM0p\ARM_GCC_541\Debug\LCD_INTERFACE.o
LOAD .\CortexM0p\ARM_GCC_541\Debug\LCD_INTERFACE_PM.o
LOAD .\CortexM0p\ARM_GCC_541\Debug\SPIM.o
END GROUP
START GROUP
LOAD e:/applications/psoc/psoc creator/4.3/psoc creator/import/gnu/arm/5.4.1/bin/../lib/gcc/arm-none-eabi/5.4.1/armv6-m\libgcc.a
LOAD e:/applications/psoc/psoc creator/4.3/psoc creator/import/gnu/arm/5.4.1/bin/../lib/gcc/arm-none-eabi/5.4.1/../../../../arm-none-eabi/lib/armv6-m\libg_nano.a
LOAD e:/applications/psoc/psoc creator/4.3/psoc creator/import/gnu/arm/5.4.1/bin/../lib/gcc/arm-none-eabi/5.4.1/../../../../arm-none-eabi/lib/armv6-m\libc_nano.a
END GROUP
START GROUP
LOAD e:/applications/psoc/psoc creator/4.3/psoc creator/import/gnu/arm/5.4.1/bin/../lib/gcc/arm-none-eabi/5.4.1/armv6-m\libgcc.a
LOAD e:/applications/psoc/psoc creator/4.3/psoc creator/import/gnu/arm/5.4.1/bin/../lib/gcc/arm-none-eabi/5.4.1/../../../../arm-none-eabi/lib/armv6-m\libc_nano.a
END GROUP
LOAD e:/applications/psoc/psoc creator/4.3/psoc creator/import/gnu/arm/5.4.1/bin/../lib/gcc/arm-none-eabi/5.4.1/armv6-m/crtend.o
LOAD e:/applications/psoc/psoc creator/4.3/psoc creator/import/gnu/arm/5.4.1/bin/../lib/gcc/arm-none-eabi/5.4.1/armv6-m/crtn.o
START GROUP
LOAD e:/applications/psoc/psoc creator/4.3/psoc creator/import/gnu/arm/5.4.1/bin/../lib/gcc/arm-none-eabi/5.4.1/armv6-m\libgcc.a
LOAD e:/applications/psoc/psoc creator/4.3/psoc creator/import/gnu/arm/5.4.1/bin/../lib/gcc/arm-none-eabi/5.4.1/../../../../arm-none-eabi/lib/armv6-m\libc.a
LOAD e:/applications/psoc/psoc creator/4.3/psoc creator/import/gnu/arm/5.4.1/bin/../lib/gcc/arm-none-eabi/5.4.1/../../../../arm-none-eabi/lib/armv6-m\libnosys.a
END GROUP
START GROUP
LOAD e:/applications/psoc/psoc creator/4.3/psoc creator/import/gnu/arm/5.4.1/bin/../lib/gcc/arm-none-eabi/5.4.1/armv6-m\libgcc.a
LOAD e:/applications/psoc/psoc creator/4.3/psoc creator/import/gnu/arm/5.4.1/bin/../lib/gcc/arm-none-eabi/5.4.1/../../../../arm-none-eabi/lib/armv6-m\libc.a
LOAD e:/applications/psoc/psoc creator/4.3/psoc creator/import/gnu/arm/5.4.1/bin/../lib/gcc/arm-none-eabi/5.4.1/../../../../arm-none-eabi/lib/armv6-m\libm.a
LOAD e:/applications/psoc/psoc creator/4.3/psoc creator/import/gnu/arm/5.4.1/bin/../lib/gcc/arm-none-eabi/5.4.1/../../../../arm-none-eabi/lib/armv6-m\libnosys.a
END GROUP

.cy_app_header
 *(.cy_app_header)

.text           0x10000000     0x2d60
                0x10000000                . = ALIGN (0x4)
                0x10000000                __Vectors = .
 *(.vectors)
 .vectors       0x10000000       0xc0 .\CortexM0p\ARM_GCC_541\Debug\startup_psoc6_01_cm0plus.o
                0x100000c0                . = ALIGN (0x4)
                0x100000c0                __Vectors_End = .
                0x000000c0                __Vectors_Size = (__Vectors_End - __Vectors)
                0x100000c0                __end__ = .
                0x100000c0                . = ALIGN (0x4)
 *(.text*)
 .text          0x100000c0       0x60 e:/applications/psoc/psoc creator/4.3/psoc creator/import/gnu/arm/5.4.1/bin/../lib/gcc/arm-none-eabi/5.4.1/armv6-m/crtbegin.o
 .text          0x10000120       0x80 .\CortexM0p\ARM_GCC_541\Debug\startup_psoc6_01_cm0plus.o
                0x10000120                Cy_OnResetUser
                0x10000122                Reset_Handler
                0x10000180                NvicMux10_IRQHandler
                0x10000180                NvicMux26_IRQHandler
                0x10000180                SysTick_Handler
                0x10000180                NvicMux21_IRQHandler
                0x10000180                NMI_Handler
                0x10000180                NvicMux19_IRQHandler
                0x10000180                NvicMux8_IRQHandler
                0x10000180                NvicMux27_IRQHandler
                0x10000180                PendSV_Handler
                0x10000180                NvicMux17_IRQHandler
                0x10000180                NvicMux0_IRQHandler
                0x10000180                NvicMux25_IRQHandler
                0x10000180                NvicMux13_IRQHandler
                0x10000180                NvicMux11_IRQHandler
                0x10000180                NvicMux9_IRQHandler
                0x10000180                NvicMux18_IRQHandler
                0x10000180                NvicMux6_IRQHandler
                0x10000180                NvicMux22_IRQHandler
                0x10000180                NvicMux7_IRQHandler
                0x10000180                NvicMux2_IRQHandler
                0x10000180                NvicMux4_IRQHandler
                0x10000180                Default_Handler
                0x10000180                NvicMux30_IRQHandler
                0x10000180                NvicMux12_IRQHandler
                0x10000180                NvicMux5_IRQHandler
                0x10000180                NvicMux14_IRQHandler
                0x10000180                NvicMux3_IRQHandler
                0x10000180                SVC_Handler
                0x10000180                NvicMux1_IRQHandler
                0x10000180                NvicMux16_IRQHandler
                0x10000180                NvicMux29_IRQHandler
                0x10000180                NvicMux31_IRQHandler
                0x10000180                NvicMux24_IRQHandler
                0x10000180                NvicMux20_IRQHandler
                0x10000180                NvicMux15_IRQHandler
                0x10000180                NvicMux28_IRQHandler
                0x10000180                NvicMux23_IRQHandler
                0x10000184                HardFault_Handler
 .text.main     0x100001a0       0x10 .\CortexM0p\ARM_GCC_541\Debug\main_cm0p.o
                0x100001a0                main
 .text.Cy_SysIpcPipeIsrCm0
                0x100001b0        0xc .\CortexM0p\ARM_GCC_541\Debug\system_psoc6_cm0plus.o
                0x100001b0                Cy_SysIpcPipeIsrCm0
 .text.SystemCoreClockUpdate
                0x100001bc      0x1b0 .\CortexM0p\ARM_GCC_541\Debug\system_psoc6_cm0plus.o
                0x100001bc                SystemCoreClockUpdate
 .text.SystemInit
                0x1000036c       0xc8 .\CortexM0p\ARM_GCC_541\Debug\system_psoc6_cm0plus.o
                0x1000036c                SystemInit
 .text.Cy_SysGetCM4Status
                0x10000434       0x10 .\CortexM0p\ARM_GCC_541\Debug\system_psoc6_cm0plus.o
                0x10000434                Cy_SysGetCM4Status
 .text.Cy_SysResetCM4
                0x10000444       0x34 .\CortexM0p\ARM_GCC_541\Debug\system_psoc6_cm0plus.o
                0x10000444                Cy_SysResetCM4
 .text.Cy_SysEnableCM4
                0x10000478       0x5c .\CortexM0p\ARM_GCC_541\Debug\system_psoc6_cm0plus.o
                0x10000478                Cy_SysEnableCM4
 .text.CyClockStartupError
                0x100004d4        0x4 .\CortexM0p\ARM_GCC_541\Debug\cyfitter_cfg.o
 .text.cfg_write_bytes32
                0x100004d8       0x34 .\CortexM0p\ARM_GCC_541\Debug\cyfitter_cfg.o
 .text.CYMEMZERO
                0x1000050c        0xc .\CortexM0p\ARM_GCC_541\Debug\cyfitter_cfg.o
 .text.CYCONFIGCPYCODE
                0x10000518        0x8 .\CortexM0p\ARM_GCC_541\Debug\cyfitter_cfg.o
 .text.ClockInit
                0x10000520      0x304 .\CortexM0p\ARM_GCC_541\Debug\cyfitter_cfg.o
 .text.Cy_SystemInit
                0x10000824      0x198 .\CortexM0p\ARM_GCC_541\Debug\cyfitter_cfg.o
                0x10000824                Cy_SystemInit
 .text.Cy_Flash_ProcessOpcode
                0x100009bc       0xbc .\CortexM0p\ARM_GCC_541\Debug\cy_flash.o
 .text.Cy_Flash_OperationStatus
                0x10000a78       0x5c .\CortexM0p\ARM_GCC_541\Debug\cy_flash.o
 .text.Cy_Flash_InitExt
                0x10000ad4       0x44 .\CortexM0p\ARM_GCC_541\Debug\cy_flash.o
                0x10000ad4                Cy_Flash_InitExt
 .text.Cy_Flash_Init
                0x10000b18       0x10 .\CortexM0p\ARM_GCC_541\Debug\cy_flash.o
                0x10000b18                Cy_Flash_Init
 .text.Cy_GPIO_Port_Init
                0x10000b28       0xdc .\CortexM0p\ARM_GCC_541\Debug\cy_gpio.o
                0x10000b28                Cy_GPIO_Port_Init
 .text.Cy_IPC_Drv_LockRelease
                0x10000c04       0x40 .\CortexM0p\ARM_GCC_541\Debug\cy_ipc_drv.o
                0x10000c04                Cy_IPC_Drv_LockRelease
 .text.Cy_IPC_Drv_SendMsgWord
                0x10000c44       0x40 .\CortexM0p\ARM_GCC_541\Debug\cy_ipc_drv.o
                0x10000c44                Cy_IPC_Drv_SendMsgWord
 .text.Cy_IPC_Drv_ReadMsgWord
                0x10000c84       0x38 .\CortexM0p\ARM_GCC_541\Debug\cy_ipc_drv.o
                0x10000c84                Cy_IPC_Drv_ReadMsgWord
 .text.Cy_IPC_Sema_InitExt
                0x10000cbc       0xac .\CortexM0p\ARM_GCC_541\Debug\cy_ipc_sema.o
                0x10000cbc                Cy_IPC_Sema_InitExt
 .text.Cy_IPC_Sema_Init
                0x10000d68       0x68 .\CortexM0p\ARM_GCC_541\Debug\cy_ipc_sema.o
                0x10000d68                Cy_IPC_Sema_Init
 .text.Cy_IPC_Sema_Clear
                0x10000dd0       0x8c .\CortexM0p\ARM_GCC_541\Debug\cy_ipc_sema.o
                0x10000dd0                Cy_IPC_Sema_Clear
 .text.Cy_IPC_Sema_Status
                0x10000e5c       0x3c .\CortexM0p\ARM_GCC_541\Debug\cy_ipc_sema.o
                0x10000e5c                Cy_IPC_Sema_Status
 .text.Cy_IPC_Pipe_Config
                0x10000e98       0x14 .\CortexM0p\ARM_GCC_541\Debug\cy_ipc_pipe.o
                0x10000e98                Cy_IPC_Pipe_Config
 .text.Cy_IPC_Pipe_EndpointInit
                0x10000eac       0xd8 .\CortexM0p\ARM_GCC_541\Debug\cy_ipc_pipe.o
                0x10000eac                Cy_IPC_Pipe_EndpointInit
 .text.Cy_IPC_Pipe_Init
                0x10000f84       0xbc .\CortexM0p\ARM_GCC_541\Debug\cy_ipc_pipe.o
                0x10000f84                Cy_IPC_Pipe_Init
 .text.Cy_IPC_Pipe_SendMessage
                0x10001040       0xb8 .\CortexM0p\ARM_GCC_541\Debug\cy_ipc_pipe.o
                0x10001040                Cy_IPC_Pipe_SendMessage
 .text.Cy_IPC_Pipe_RegisterCallback
                0x100010f8       0x54 .\CortexM0p\ARM_GCC_541\Debug\cy_ipc_pipe.o
                0x100010f8                Cy_IPC_Pipe_RegisterCallback
 .text.Cy_IPC_Pipe_ExecCallback
                0x1000114c       0xd0 .\CortexM0p\ARM_GCC_541\Debug\cy_ipc_pipe.o
                0x1000114c                Cy_IPC_Pipe_ExecCallback
 .text.Cy_IPC_Pipe_ExecuteCallback
                0x1000121c       0x30 .\CortexM0p\ARM_GCC_541\Debug\cy_ipc_pipe.o
                0x1000121c                Cy_IPC_Pipe_ExecuteCallback
 .text.Cy_Prot_GetActivePC
                0x1000124c       0x34 .\CortexM0p\ARM_GCC_541\Debug\cy_prot.o
                0x1000124c                Cy_Prot_GetActivePC
 .text.Cy_SysClk_ClkPathSetSource
                0x10001280       0x5c .\CortexM0p\ARM_GCC_541\Debug\cy_sysclk.o
                0x10001280                Cy_SysClk_ClkPathSetSource
 .text.Cy_SysClk_PllManualConfigure
                0x100012dc       0xdc .\CortexM0p\ARM_GCC_541\Debug\cy_sysclk.o
                0x100012dc                Cy_SysClk_PllManualConfigure
 .text.Cy_SysClk_PllEnable
                0x100013b8       0x64 .\CortexM0p\ARM_GCC_541\Debug\cy_sysclk.o
                0x100013b8                Cy_SysClk_PllEnable
 .text.Cy_SysInt_SetInterruptSource
                0x1000141c       0x78 .\CortexM0p\ARM_GCC_541\Debug\cy_sysint.o
                0x1000141c                Cy_SysInt_SetInterruptSource
 .text.Cy_SysInt_SetVector
                0x10001494       0x44 .\CortexM0p\ARM_GCC_541\Debug\cy_sysint.o
                0x10001494                Cy_SysInt_SetVector
 .text.Cy_SysInt_Init
                0x100014d8       0xc4 .\CortexM0p\ARM_GCC_541\Debug\cy_sysint.o
                0x100014d8                Cy_SysInt_Init
 .text.Cy_SysLib_DelayUs
                0x1000159c       0x14 .\CortexM0p\ARM_GCC_541\Debug\cy_syslib.o
                0x1000159c                Cy_SysLib_DelayUs
 .text.Cy_SysLib_Halt
                0x100015b0        0x4 .\CortexM0p\ARM_GCC_541\Debug\cy_syslib.o
                0x100015b0                Cy_SysLib_Halt
 .text.Cy_SysLib_AssertFailed
                0x100015b4       0x1c .\CortexM0p\ARM_GCC_541\Debug\cy_syslib.o
                0x100015b4                Cy_SysLib_AssertFailed
 .text.Cy_SysLib_ResetBackupDomain
                0x100015d0       0x20 .\CortexM0p\ARM_GCC_541\Debug\cy_syslib.o
                0x100015d0                Cy_SysLib_ResetBackupDomain
 .text.Cy_SysLib_GetResetReason
                0x100015f0       0x1c .\CortexM0p\ARM_GCC_541\Debug\cy_syslib.o
                0x100015f0                Cy_SysLib_GetResetReason
 .text.Cy_SysLib_ProcessingFault
                0x1000160c        0x4 .\CortexM0p\ARM_GCC_541\Debug\cy_syslib.o
                0x1000160c                Cy_SysLib_ProcessingFault
 .text.Cy_SysLib_FaultHandler
                0x10001610       0x30 .\CortexM0p\ARM_GCC_541\Debug\cy_syslib.o
                0x10001610                Cy_SysLib_FaultHandler
 .text.Cy_SysLib_SetWaitStates
                0x10001640       0xe0 .\CortexM0p\ARM_GCC_541\Debug\cy_syslib.o
                0x10001640                Cy_SysLib_SetWaitStates
 .text          0x10001720       0x20 .\CortexM0p\ARM_GCC_541\Debug\cy_syslib_gcc.o
                0x10001720                Cy_SysLib_DelayCycles
                0x10001732                Cy_SysLib_EnterCriticalSection
                0x1000173a                Cy_SysLib_ExitCriticalSection
 .text.SetReadMarginTrimUlp
                0x10001740       0x98 .\CortexM0p\ARM_GCC_541\Debug\cy_syspm.o
 .text.SetReadMarginTrimLp
                0x100017d8       0x90 .\CortexM0p\ARM_GCC_541\Debug\cy_syspm.o
 .text.SetWriteAssistTrimUlp
                0x10001868       0x74 .\CortexM0p\ARM_GCC_541\Debug\cy_syspm.o
 .text.SetWriteAssistTrimLp
                0x100018dc       0x84 .\CortexM0p\ARM_GCC_541\Debug\cy_syspm.o
 .text.IsVoltageChangePossible
                0x10001960       0x58 .\CortexM0p\ARM_GCC_541\Debug\cy_syspm.o
 .text.Cy_SysPm_WriteVoltageBitForFlash
                0x100019b8      0x12c .\CortexM0p\ARM_GCC_541\Debug\cy_syspm.o
                0x100019b8                Cy_SysPm_WriteVoltageBitForFlash
 .text.Cy_SysPm_LdoSetVoltage
                0x10001ae4       0xd0 .\CortexM0p\ARM_GCC_541\Debug\cy_syspm.o
                0x10001ae4                Cy_SysPm_LdoSetVoltage
 .text.Cy_SysTick_SetClockSource
                0x10001bb4       0x3c .\CortexM0p\ARM_GCC_541\Debug\cy_systick.o
                0x10001bb4                Cy_SysTick_SetClockSource
 .text.Cy_WDT_Unlock
                0x10001bf0       0x24 .\CortexM0p\ARM_GCC_541\Debug\cy_wdt.o
                0x10001bf0                Cy_WDT_Unlock
 .text.Cy_PDL_Init
                0x10001c14        0xc .\CortexM0p\ARM_GCC_541\Debug\cy_device.o
                0x10001c14                Cy_PDL_Init
 .text          0x10001c20      0x114 e:/applications/psoc/psoc creator/4.3/psoc creator/import/gnu/arm/5.4.1/bin/../lib/gcc/arm-none-eabi/5.4.1/armv6-m\libgcc.a(_udivsi3.o)
                0x10001c20                __aeabi_uidiv
                0x10001c20                __udivsi3
                0x10001d2c                __aeabi_uidivmod
 .text          0x10001d34        0x4 e:/applications/psoc/psoc creator/4.3/psoc creator/import/gnu/arm/5.4.1/bin/../lib/gcc/arm-none-eabi/5.4.1/armv6-m\libgcc.a(_dvmd_tls.o)
                0x10001d34                __aeabi_idiv0
                0x10001d34                __aeabi_ldiv0
 .text.memcpy   0x10001d38       0x12 e:/applications/psoc/psoc creator/4.3/psoc creator/import/gnu/arm/5.4.1/bin/../lib/gcc/arm-none-eabi/5.4.1/../../../../arm-none-eabi/lib/armv6-m\libg_nano.a(lib_a-memcpy-stub.o)
                0x10001d38                memcpy
 .text.memset   0x10001d4a       0x10 e:/applications/psoc/psoc creator/4.3/psoc creator/import/gnu/arm/5.4.1/bin/../lib/gcc/arm-none-eabi/5.4.1/../../../../arm-none-eabi/lib/armv6-m\libg_nano.a(lib_a-memset.o)
                0x10001d4a                memset
 .text.strncpy  0x10001d5a       0x26 e:/applications/psoc/psoc creator/4.3/psoc creator/import/gnu/arm/5.4.1/bin/../lib/gcc/arm-none-eabi/5.4.1/../../../../arm-none-eabi/lib/armv6-m\libg_nano.a(lib_a-strncpy.o)
                0x10001d5a                strncpy
 *(.init)
 .init          0x10001d80        0x4 e:/applications/psoc/psoc creator/4.3/psoc creator/import/gnu/arm/5.4.1/bin/../lib/gcc/arm-none-eabi/5.4.1/armv6-m/crti.o
                0x10001d80                _init
 .init          0x10001d84        0x8 e:/applications/psoc/psoc creator/4.3/psoc creator/import/gnu/arm/5.4.1/bin/../lib/gcc/arm-none-eabi/5.4.1/armv6-m/crtn.o
 *(.fini)
 .fini          0x10001d8c        0x4 e:/applications/psoc/psoc creator/4.3/psoc creator/import/gnu/arm/5.4.1/bin/../lib/gcc/arm-none-eabi/5.4.1/armv6-m/crti.o
                0x10001d8c                _fini
 .fini          0x10001d90        0x8 e:/applications/psoc/psoc creator/4.3/psoc creator/import/gnu/arm/5.4.1/bin/../lib/gcc/arm-none-eabi/5.4.1/armv6-m/crtn.o
 *crtbegin.o(.ctors)
 *crtbegin?.o(.ctors)
 *(EXCLUDE_FILE(*crtend.o *crtend?.o) .ctors)
 *(SORT(.ctors.*))
 *(.ctors)
 *crtbegin.o(.dtors)
 *crtbegin?.o(.dtors)
 *(EXCLUDE_FILE(*crtend.o *crtend?.o) .dtors)
 *(SORT(.dtors.*))
 *(.dtors)
 *(.rodata .rodata.* .constdata .constdata.* .conststring .conststring.*)
 .rodata        0x10001d98       0x34 .\CortexM0p\ARM_GCC_541\Debug\system_psoc6_cm0plus.o
 .rodata.str1.4
                0x10001dcc       0x17 .\CortexM0p\ARM_GCC_541\Debug\system_psoc6_cm0plus.o
 *fill*         0x10001de3        0x1 
 .rodata        0x10001de4      0xbc4 .\CortexM0p\ARM_GCC_541\Debug\cyfitter_cfg.o
 .rodata.str1.4
                0x100029a8       0x3f .\CortexM0p\ARM_GCC_541\Debug\cy_flash.o
 *fill*         0x100029e7        0x1 
 .rodata.str1.4
                0x100029e8       0x7d .\CortexM0p\ARM_GCC_541\Debug\cy_gpio.o
 *fill*         0x10002a65        0x3 
 .rodata.str1.4
                0x10002a68       0x7f .\CortexM0p\ARM_GCC_541\Debug\cy_ipc_drv.o
 .rodata.str1.4
                0x10002ae7       0x3f .\CortexM0p\ARM_GCC_541\Debug\cy_ipc_sema.o
 *fill*         0x10002ae7        0x1 
 .rodata.str1.4
                0x10002ae8       0x40 .\CortexM0p\ARM_GCC_541\Debug\cy_ipc_pipe.o
                                 0x7f (size before relaxing)
 .rodata.str1.4
                0x10002b28       0x3d .\CortexM0p\ARM_GCC_541\Debug\cy_prot.o
 *fill*         0x10002b65        0x3 
 .rodata.str1.4
                0x10002b68       0x41 .\CortexM0p\ARM_GCC_541\Debug\cy_sysint.o
 *fill*         0x10002ba9        0x3 
 .rodata.str1.4
                0x10002bac       0x40 .\CortexM0p\ARM_GCC_541\Debug\cy_syspm.o
                                 0x7f (size before relaxing)
 .rodata        0x10002bec      0x170 .\CortexM0p\ARM_GCC_541\Debug\cy_device.o
                0x10002bec                cy_deviceIpBlockCfgPSoC6_02
                0x10002ca4                cy_deviceIpBlockCfgPSoC6_01
 *(.eh_frame*)
 .eh_frame      0x10002d5c        0x0 e:/applications/psoc/psoc creator/4.3/psoc creator/import/gnu/arm/5.4.1/bin/../lib/gcc/arm-none-eabi/5.4.1/armv6-m/crtbegin.o
 .eh_frame      0x10002d5c        0x4 e:/applications/psoc/psoc creator/4.3/psoc creator/import/gnu/arm/5.4.1/bin/../lib/gcc/arm-none-eabi/5.4.1/armv6-m/crtend.o

.glue_7         0x10002d60        0x0
 .glue_7        0x10002d60        0x0 linker stubs

.glue_7t        0x10002d60        0x0
 .glue_7t       0x10002d60        0x0 linker stubs

.vfp11_veneer   0x10002d60        0x0
 .vfp11_veneer  0x10002d60        0x0 linker stubs

.v4_bx          0x10002d60        0x0
 .v4_bx         0x10002d60        0x0 linker stubs

.iplt           0x10002d60        0x0
 .iplt          0x10002d60        0x0 e:/applications/psoc/psoc creator/4.3/psoc creator/import/gnu/arm/5.4.1/bin/../lib/gcc/arm-none-eabi/5.4.1/armv6-m/crtbegin.o

.ARM.extab
 *(.ARM.extab* .gnu.linkonce.armextab.*)
                0x10002d60                __exidx_start = .

.ARM.exidx
 *(.ARM.exidx* .gnu.linkonce.armexidx.*)
                0x10002d60                __exidx_end = .

.copy.table     0x10002d60       0x18
                0x10002d60                . = ALIGN (0x4)
                0x10002d60                __copy_table_start__ = .
                0x10002d60        0x4 LONG 0x10000000 __Vectors
                0x10002d64        0x4 LONG 0x8000000 __ram_vectors_start__
                0x10002d68        0x4 LONG 0xc0 (__Vectors_End - __Vectors)
                0x10002d6c        0x4 LONG 0x10002d80 __etext
                0x10002d70        0x4 LONG 0x80000c0 __data_start__
                0x10002d74        0x4 LONG 0x540 (__data_end__ - __data_start__)
                0x10002d78                __copy_table_end__ = .

.zero.table     0x10002d78        0x8
                0x10002d78                . = ALIGN (0x4)
                0x10002d78                __zero_table_start__ = .
                0x10002d78        0x4 LONG 0x800063c __bss_start__
                0x10002d7c        0x4 LONG 0x1d8 (__bss_end__ - __bss_start__)
                0x10002d80                __zero_table_end__ = .
                0x10002d80                __etext = .

.ramVectors     0x08000000       0xc0
                0x08000000                __ram_vectors_start__ = .
 *(.ram_vectors)
 .ram_vectors   0x08000000       0xc0 .\CortexM0p\ARM_GCC_541\Debug\startup_psoc6_01_cm0plus.o
                0x08000000                __ramVectors
                0x080000c0                __ram_vectors_end__ = .

.data           0x080000c0      0x540 load address 0x10002d80
                0x080000c0                __data_start__ = .
 *(vtable)
 *(.data*)
 .data          0x080000c0       0x20 .\CortexM0p\ARM_GCC_541\Debug\system_psoc6_cm0plus.o
                0x080000c0                cy_BleEcoClockFreqHz
                0x080000c4                cy_Hfclk0FreqHz
                0x080000c8                cy_PeriClkFreqHz
                0x080000cc                SystemCoreClock
                0x080000d0                cy_delayFreqHz
                0x080000d4                cy_delayFreqMhz
                0x080000d8                cy_delayFreqKhz
                0x080000dc                cy_delay32kMs
                0x080000e0                . = ALIGN (0x4)
                0x080000e0                PROVIDE (__preinit_array_start, .)
 *(.preinit_array)
                0x080000e0                PROVIDE (__preinit_array_end, .)
                0x080000e0                . = ALIGN (0x4)
                0x080000e0                PROVIDE (__init_array_start, .)
 *(SORT(.init_array.*))
 *(.init_array)
 .init_array    0x080000e0        0x4 e:/applications/psoc/psoc creator/4.3/psoc creator/import/gnu/arm/5.4.1/bin/../lib/gcc/arm-none-eabi/5.4.1/armv6-m/crtbegin.o
                0x080000e4                PROVIDE (__init_array_end, .)
                0x080000e4                . = ALIGN (0x4)
                [!provide]                PROVIDE (__fini_array_start, .)
 *(SORT(.fini_array.*))
 *(.fini_array)
 .fini_array    0x080000e4        0x4 e:/applications/psoc/psoc creator/4.3/psoc creator/import/gnu/arm/5.4.1/bin/../lib/gcc/arm-none-eabi/5.4.1/armv6-m/crtbegin.o
                [!provide]                PROVIDE (__fini_array_end, .)
 *(.jcr*)
 .jcr           0x080000e8        0x0 e:/applications/psoc/psoc creator/4.3/psoc creator/import/gnu/arm/5.4.1/bin/../lib/gcc/arm-none-eabi/5.4.1/armv6-m/crtbegin.o
 .jcr           0x080000e8        0x4 e:/applications/psoc/psoc creator/4.3/psoc creator/import/gnu/arm/5.4.1/bin/../lib/gcc/arm-none-eabi/5.4.1/armv6-m/crtend.o
                0x080000ec                . = ALIGN (0x4)
 *(.cy_ramfunc*)
 .cy_ramfunc    0x080000ec      0x248 .\CortexM0p\ARM_GCC_541\Debug\cy_flash.o
 .cy_ramfunc    0x08000334      0x238 .\CortexM0p\ARM_GCC_541\Debug\cy_syspm.o
 *fill*         0x0800056c        0x4 
 .cy_ramfunc.__stub
                0x08000570       0x90 linker stubs
                0x08000600                . = ALIGN (0x4)
                0x08000600                __data_end__ = .

.igot.plt       0x08000600        0x0 load address 0x100032c0
 .igot.plt      0x08000600        0x0 e:/applications/psoc/psoc creator/4.3/psoc creator/import/gnu/arm/5.4.1/bin/../lib/gcc/arm-none-eabi/5.4.1/armv6-m/crtbegin.o

.noinit         0x08000600       0x3c load address 0x100032c0
 *(.noinit)
 .noinit        0x08000600       0x3c .\CortexM0p\ARM_GCC_541\Debug\cy_syslib.o
                0x08000600                cy_assertFileName
                0x08000618                cy_assertLine
                0x0800061c                cy_faultFrame

.bss            0x0800063c      0x1d8 load address 0x100032fc
                0x0800063c                . = ALIGN (0x4)
                0x0800063c                __bss_start__ = .
 *(.bss*)
 .bss           0x0800063c       0x1c e:/applications/psoc/psoc creator/4.3/psoc creator/import/gnu/arm/5.4.1/bin/../lib/gcc/arm-none-eabi/5.4.1/armv6-m/crtbegin.o
 .bss           0x08000658      0x190 .\CortexM0p\ARM_GCC_541\Debug\system_psoc6_cm0plus.o
 .bss           0x080007e8       0x18 .\CortexM0p\ARM_GCC_541\Debug\cy_flash.o
 .bss           0x08000800        0xc .\CortexM0p\ARM_GCC_541\Debug\cy_ipc_sema.o
 .bss           0x0800080c        0x4 .\CortexM0p\ARM_GCC_541\Debug\cy_ipc_pipe.o
 *(COMMON)
 COMMON         0x08000810        0x4 .\CortexM0p\ARM_GCC_541\Debug\cy_device.o
                0x08000810                cy_device
                0x08000814                . = ALIGN (0x4)
                0x08000814                __bss_end__ = .

.heap           0x08000818      0x400
                0x08000818                __HeapBase = .
                0x08000818                __end__ = .
                0x08000818                end = __end__
 *(.heap*)
 .heap          0x08000818      0x400 .\CortexM0p\ARM_GCC_541\Debug\startup_psoc6_01_cm0plus.o
                0x08000c18                __HeapLimit = .

.stack_dummy    0x08000818     0x1000
 *(.stack*)
 .stack         0x08000818     0x1000 .\CortexM0p\ARM_GCC_541\Debug\startup_psoc6_01_cm0plus.o
                0x08024000                __StackTop = (ORIGIN (ram) + LENGTH (ram))
                0x08023000                __StackLimit = (__StackTop - SIZEOF (.stack_dummy))
                0x08024000                PROVIDE (__stack, __StackTop)
                0x00000001                ASSERT ((__StackLimit >= __HeapLimit), region RAM overflowed with stack)

.cy_em_eeprom
 *(.cy_em_eeprom)

.cy_sflash_user_data
 *(.cy_sflash_user_data)

.cy_sflash_nar
 *(.cy_sflash_nar)

.cy_sflash_public_key
 *(.cy_sflash_public_key)

.cy_toc_part2
 *(.cy_toc_part2)

.cy_rtoc_part2
 *(.cy_rtoc_part2)

.cy_xip
 *(.cy_xip)

.cy_efuse
 *(.cy_efuse)

.cymeta         0x90500000        0xc
 *(.cymeta)
 .cymeta        0x90500000        0xc .\CortexM0p\ARM_GCC_541\Debug\cymetadata.o
                0x90500000                cy_metadata
                0x10000000                __cy_memory_0_start = 0x10000000
                0x00100000                __cy_memory_0_length = 0x100000
                0x00000200                __cy_memory_0_row_size = 0x200
                0x14000000                __cy_memory_1_start = 0x14000000
                0x00008000                __cy_memory_1_length = 0x8000
                0x00000200                __cy_memory_1_row_size = 0x200
                0x16000000                __cy_memory_2_start = 0x16000000
                0x00008000                __cy_memory_2_length = 0x8000
                0x00000200                __cy_memory_2_row_size = 0x200
                0x18000000                __cy_memory_3_start = 0x18000000
                0x08000000                __cy_memory_3_length = 0x8000000
                0x00000200                __cy_memory_3_row_size = 0x200
                0x90700000                __cy_memory_4_start = 0x90700000
                0x00100000                __cy_memory_4_length = 0x100000
                0x00000001                __cy_memory_4_row_size = 0x1
OUTPUT(E:\College Work\SeniorProject\Oscilloscope_Senior_Project\tcom_engineering\embed_sw\tcom_app\tcom_app_psoc6_lvgl6\tcom_displ_test_psoc6.cydsn\CortexM0p\ARM_GCC_541\Debug\tcom_displ_test_psoc6_link.elf elf32-littlearm)

.rel.dyn        0x08000814        0x0 load address 0x98502ccc
 .rel.iplt      0x08000814        0x0 e:/applications/psoc/psoc creator/4.3/psoc creator/import/gnu/arm/5.4.1/bin/../lib/gcc/arm-none-eabi/5.4.1/armv6-m/crtbegin.o

.ARM.attributes
                0x00000000       0x28
 .ARM.attributes
                0x00000000       0x1e e:/applications/psoc/psoc creator/4.3/psoc creator/import/gnu/arm/5.4.1/bin/../lib/gcc/arm-none-eabi/5.4.1/armv6-m/crti.o
 .ARM.attributes
                0x0000001e       0x2c e:/applications/psoc/psoc creator/4.3/psoc creator/import/gnu/arm/5.4.1/bin/../lib/gcc/arm-none-eabi/5.4.1/armv6-m/crtbegin.o
 .ARM.attributes
                0x0000004a       0x1b .\CortexM0p\ARM_GCC_541\Debug\startup_psoc6_01_cm0plus.o
 .ARM.attributes
                0x00000065       0x32 .\CortexM0p\ARM_GCC_541\Debug\main_cm0p.o
 .ARM.attributes
                0x00000097       0x32 .\CortexM0p\ARM_GCC_541\Debug\system_psoc6_cm0plus.o
 .ARM.attributes
                0x000000c9       0x32 .\CortexM0p\ARM_GCC_541\Debug\cyfitter_cfg.o
 .ARM.attributes
                0x000000fb       0x32 .\CortexM0p\ARM_GCC_541\Debug\cymetadata.o
 .ARM.attributes
                0x0000012d       0x32 .\CortexM0p\ARM_GCC_541\Debug\cy_flash.o
 .ARM.attributes
                0x0000015f       0x32 .\CortexM0p\ARM_GCC_541\Debug\cy_gpio.o
 .ARM.attributes
                0x00000191       0x32 .\CortexM0p\ARM_GCC_541\Debug\cy_ipc_drv.o
 .ARM.attributes
                0x000001c3       0x32 .\CortexM0p\ARM_GCC_541\Debug\cy_ipc_sema.o
 .ARM.attributes
                0x000001f5       0x32 .\CortexM0p\ARM_GCC_541\Debug\cy_ipc_pipe.o
 .ARM.attributes
                0x00000227       0x32 .\CortexM0p\ARM_GCC_541\Debug\cy_prot.o
 .ARM.attributes
                0x00000259       0x32 .\CortexM0p\ARM_GCC_541\Debug\cy_sysclk.o
 .ARM.attributes
                0x0000028b       0x32 .\CortexM0p\ARM_GCC_541\Debug\cy_sysint.o
 .ARM.attributes
                0x000002bd       0x32 .\CortexM0p\ARM_GCC_541\Debug\cy_syslib.o
 .ARM.attributes
                0x000002ef       0x22 .\CortexM0p\ARM_GCC_541\Debug\cy_syslib_gcc.o
 .ARM.attributes
                0x00000311       0x32 .\CortexM0p\ARM_GCC_541\Debug\cy_syspm.o
 .ARM.attributes
                0x00000343       0x32 .\CortexM0p\ARM_GCC_541\Debug\cy_systick.o
 .ARM.attributes
                0x00000375       0x32 .\CortexM0p\ARM_GCC_541\Debug\cy_wdt.o
 .ARM.attributes
                0x000003a7       0x32 .\CortexM0p\ARM_GCC_541\Debug\cy_device.o
 .ARM.attributes
                0x000003d9       0x1e e:/applications/psoc/psoc creator/4.3/psoc creator/import/gnu/arm/5.4.1/bin/../lib/gcc/arm-none-eabi/5.4.1/armv6-m\libgcc.a(_udivsi3.o)
 .ARM.attributes
                0x000003f7       0x1e e:/applications/psoc/psoc creator/4.3/psoc creator/import/gnu/arm/5.4.1/bin/../lib/gcc/arm-none-eabi/5.4.1/armv6-m\libgcc.a(_dvmd_tls.o)
 .ARM.attributes
                0x00000415       0x2c e:/applications/psoc/psoc creator/4.3/psoc creator/import/gnu/arm/5.4.1/bin/../lib/gcc/arm-none-eabi/5.4.1/../../../../arm-none-eabi/lib/armv6-m\libg_nano.a(lib_a-memcpy-stub.o)
 .ARM.attributes
                0x00000441       0x2c e:/applications/psoc/psoc creator/4.3/psoc creator/import/gnu/arm/5.4.1/bin/../lib/gcc/arm-none-eabi/5.4.1/../../../../arm-none-eabi/lib/armv6-m\libg_nano.a(lib_a-memset.o)
 .ARM.attributes
                0x0000046d       0x2c e:/applications/psoc/psoc creator/4.3/psoc creator/import/gnu/arm/5.4.1/bin/../lib/gcc/arm-none-eabi/5.4.1/../../../../arm-none-eabi/lib/armv6-m\libg_nano.a(lib_a-strncpy.o)
 .ARM.attributes
                0x00000499       0x2c e:/applications/psoc/psoc creator/4.3/psoc creator/import/gnu/arm/5.4.1/bin/../lib/gcc/arm-none-eabi/5.4.1/armv6-m/crtend.o
 .ARM.attributes
                0x000004c5       0x1e e:/applications/psoc/psoc creator/4.3/psoc creator/import/gnu/arm/5.4.1/bin/../lib/gcc/arm-none-eabi/5.4.1/armv6-m/crtn.o

.comment        0x00000000       0x6e
 .comment       0x00000000       0x6e .\CortexM0p\ARM_GCC_541\Debug\main_cm0p.o
                                 0x6f (size before relaxing)
 .comment       0x0000006e       0x6f .\CortexM0p\ARM_GCC_541\Debug\system_psoc6_cm0plus.o
 .comment       0x0000006e       0x6f .\CortexM0p\ARM_GCC_541\Debug\cyfitter_cfg.o
 .comment       0x0000006e       0x6f .\CortexM0p\ARM_GCC_541\Debug\cymetadata.o
 .comment       0x0000006e       0x6f .\CortexM0p\ARM_GCC_541\Debug\cy_flash.o
 .comment       0x0000006e       0x6f .\CortexM0p\ARM_GCC_541\Debug\cy_gpio.o
 .comment       0x0000006e       0x6f .\CortexM0p\ARM_GCC_541\Debug\cy_ipc_drv.o
 .comment       0x0000006e       0x6f .\CortexM0p\ARM_GCC_541\Debug\cy_ipc_sema.o
 .comment       0x0000006e       0x6f .\CortexM0p\ARM_GCC_541\Debug\cy_ipc_pipe.o
 .comment       0x0000006e       0x6f .\CortexM0p\ARM_GCC_541\Debug\cy_prot.o
 .comment       0x0000006e       0x6f .\CortexM0p\ARM_GCC_541\Debug\cy_sysclk.o
 .comment       0x0000006e       0x6f .\CortexM0p\ARM_GCC_541\Debug\cy_sysint.o
 .comment       0x0000006e       0x6f .\CortexM0p\ARM_GCC_541\Debug\cy_syslib.o
 .comment       0x0000006e       0x6f .\CortexM0p\ARM_GCC_541\Debug\cy_syspm.o
 .comment       0x0000006e       0x6f .\CortexM0p\ARM_GCC_541\Debug\cy_systick.o
 .comment       0x0000006e       0x6f .\CortexM0p\ARM_GCC_541\Debug\cy_wdt.o
 .comment       0x0000006e       0x6f .\CortexM0p\ARM_GCC_541\Debug\cy_device.o

.debug_line     0x00000000     0x570d
 .debug_line    0x00000000       0x92 .\CortexM0p\ARM_GCC_541\Debug\startup_psoc6_01_cm0plus.o
 .debug_line    0x00000092      0x2ad .\CortexM0p\ARM_GCC_541\Debug\main_cm0p.o
 .debug_line    0x0000033f      0x4cb .\CortexM0p\ARM_GCC_541\Debug\system_psoc6_cm0plus.o
 .debug_line    0x0000080a      0x5bb .\CortexM0p\ARM_GCC_541\Debug\cyfitter_cfg.o
 .debug_line    0x00000dc5      0x141 .\CortexM0p\ARM_GCC_541\Debug\cymetadata.o
 .debug_line    0x00000f06      0x6f2 .\CortexM0p\ARM_GCC_541\Debug\cy_flash.o
 .debug_line    0x000015f8      0x4b4 .\CortexM0p\ARM_GCC_541\Debug\cy_gpio.o
 .debug_line    0x00001aac      0x307 .\CortexM0p\ARM_GCC_541\Debug\cy_ipc_drv.o
 .debug_line    0x00001db3      0x3c9 .\CortexM0p\ARM_GCC_541\Debug\cy_ipc_sema.o
 .debug_line    0x0000217c      0x589 .\CortexM0p\ARM_GCC_541\Debug\cy_ipc_pipe.o
 .debug_line    0x00002705      0xb20 .\CortexM0p\ARM_GCC_541\Debug\cy_prot.o
 .debug_line    0x00003225      0xa21 .\CortexM0p\ARM_GCC_541\Debug\cy_sysclk.o
 .debug_line    0x00003c46      0x3bd .\CortexM0p\ARM_GCC_541\Debug\cy_sysint.o
 .debug_line    0x00004003      0x4b8 .\CortexM0p\ARM_GCC_541\Debug\cy_syslib.o
 .debug_line    0x000044bb       0x89 .\CortexM0p\ARM_GCC_541\Debug\cy_syslib_gcc.o
 .debug_line    0x00004544      0xa4c .\CortexM0p\ARM_GCC_541\Debug\cy_syspm.o
 .debug_line    0x00004f90      0x31b .\CortexM0p\ARM_GCC_541\Debug\cy_systick.o
 .debug_line    0x000052ab      0x2e3 .\CortexM0p\ARM_GCC_541\Debug\cy_wdt.o
 .debug_line    0x0000558e      0x17f .\CortexM0p\ARM_GCC_541\Debug\cy_device.o

.debug_info     0x00000000    0x1a897
 .debug_info    0x00000000       0xe4 .\CortexM0p\ARM_GCC_541\Debug\startup_psoc6_01_cm0plus.o
 .debug_info    0x000000e4      0x9ac .\CortexM0p\ARM_GCC_541\Debug\main_cm0p.o
 .debug_info    0x00000a90     0x21bb .\CortexM0p\ARM_GCC_541\Debug\system_psoc6_cm0plus.o
 .debug_info    0x00002c4b     0x27a6 .\CortexM0p\ARM_GCC_541\Debug\cyfitter_cfg.o
 .debug_info    0x000053f1       0xac .\CortexM0p\ARM_GCC_541\Debug\cymetadata.o
 .debug_info    0x0000549d     0x2393 .\CortexM0p\ARM_GCC_541\Debug\cy_flash.o
 .debug_info    0x00007830     0x238e .\CortexM0p\ARM_GCC_541\Debug\cy_gpio.o
 .debug_info    0x00009bbe      0x8df .\CortexM0p\ARM_GCC_541\Debug\cy_ipc_drv.o
 .debug_info    0x0000a49d      0xbf9 .\CortexM0p\ARM_GCC_541\Debug\cy_ipc_sema.o
 .debug_info    0x0000b096     0x19e8 .\CortexM0p\ARM_GCC_541\Debug\cy_ipc_pipe.o
 .debug_info    0x0000ca7e     0x2b76 .\CortexM0p\ARM_GCC_541\Debug\cy_prot.o
 .debug_info    0x0000f5f4     0x2197 .\CortexM0p\ARM_GCC_541\Debug\cy_sysclk.o
 .debug_info    0x0001178b     0x1af4 .\CortexM0p\ARM_GCC_541\Debug\cy_sysint.o
 .debug_info    0x0001327f     0x20bb .\CortexM0p\ARM_GCC_541\Debug\cy_syslib.o
 .debug_info    0x0001533a      0x10e .\CortexM0p\ARM_GCC_541\Debug\cy_syslib_gcc.o
 .debug_info    0x00015448     0x3ef3 .\CortexM0p\ARM_GCC_541\Debug\cy_syspm.o
 .debug_info    0x0001933b      0x7fc .\CortexM0p\ARM_GCC_541\Debug\cy_systick.o
 .debug_info    0x00019b37      0x80f .\CortexM0p\ARM_GCC_541\Debug\cy_wdt.o
 .debug_info    0x0001a346      0x551 .\CortexM0p\ARM_GCC_541\Debug\cy_device.o

.debug_abbrev   0x00000000     0x256f
 .debug_abbrev  0x00000000       0x14 .\CortexM0p\ARM_GCC_541\Debug\startup_psoc6_01_cm0plus.o
 .debug_abbrev  0x00000014      0x174 .\CortexM0p\ARM_GCC_541\Debug\main_cm0p.o
 .debug_abbrev  0x00000188      0x272 .\CortexM0p\ARM_GCC_541\Debug\system_psoc6_cm0plus.o
 .debug_abbrev  0x000003fa      0x321 .\CortexM0p\ARM_GCC_541\Debug\cyfitter_cfg.o
 .debug_abbrev  0x0000071b       0x5d .\CortexM0p\ARM_GCC_541\Debug\cymetadata.o
 .debug_abbrev  0x00000778      0x313 .\CortexM0p\ARM_GCC_541\Debug\cy_flash.o
 .debug_abbrev  0x00000a8b      0x250 .\CortexM0p\ARM_GCC_541\Debug\cy_gpio.o
 .debug_abbrev  0x00000cdb      0x177 .\CortexM0p\ARM_GCC_541\Debug\cy_ipc_drv.o
 .debug_abbrev  0x00000e52      0x208 .\CortexM0p\ARM_GCC_541\Debug\cy_ipc_sema.o
 .debug_abbrev  0x0000105a      0x31a .\CortexM0p\ARM_GCC_541\Debug\cy_ipc_pipe.o
 .debug_abbrev  0x00001374      0x213 .\CortexM0p\ARM_GCC_541\Debug\cy_prot.o
 .debug_abbrev  0x00001587      0x353 .\CortexM0p\ARM_GCC_541\Debug\cy_sysclk.o
 .debug_abbrev  0x000018da      0x274 .\CortexM0p\ARM_GCC_541\Debug\cy_sysint.o
 .debug_abbrev  0x00001b4e      0x30d .\CortexM0p\ARM_GCC_541\Debug\cy_syslib.o
 .debug_abbrev  0x00001e5b       0x14 .\CortexM0p\ARM_GCC_541\Debug\cy_syslib_gcc.o
 .debug_abbrev  0x00001e6f      0x30f .\CortexM0p\ARM_GCC_541\Debug\cy_syspm.o
 .debug_abbrev  0x0000217e      0x203 .\CortexM0p\ARM_GCC_541\Debug\cy_systick.o
 .debug_abbrev  0x00002381      0x151 .\CortexM0p\ARM_GCC_541\Debug\cy_wdt.o
 .debug_abbrev  0x000024d2       0x9d .\CortexM0p\ARM_GCC_541\Debug\cy_device.o

.debug_aranges  0x00000000      0x7f8
 .debug_aranges
                0x00000000       0x20 .\CortexM0p\ARM_GCC_541\Debug\startup_psoc6_01_cm0plus.o
 .debug_aranges
                0x00000020       0x20 .\CortexM0p\ARM_GCC_541\Debug\main_cm0p.o
 .debug_aranges
                0x00000040       0x60 .\CortexM0p\ARM_GCC_541\Debug\system_psoc6_cm0plus.o
 .debug_aranges
                0x000000a0       0x48 .\CortexM0p\ARM_GCC_541\Debug\cyfitter_cfg.o
 .debug_aranges
                0x000000e8       0x18 .\CortexM0p\ARM_GCC_541\Debug\cymetadata.o
 .debug_aranges
                0x00000100       0xb0 .\CortexM0p\ARM_GCC_541\Debug\cy_flash.o
 .debug_aranges
                0x000001b0       0x48 .\CortexM0p\ARM_GCC_541\Debug\cy_gpio.o
 .debug_aranges
                0x000001f8       0x30 .\CortexM0p\ARM_GCC_541\Debug\cy_ipc_drv.o
 .debug_aranges
                0x00000228       0x48 .\CortexM0p\ARM_GCC_541\Debug\cy_ipc_sema.o
 .debug_aranges
                0x00000270       0x68 .\CortexM0p\ARM_GCC_541\Debug\cy_ipc_pipe.o
 .debug_aranges
                0x000002d8      0x198 .\CortexM0p\ARM_GCC_541\Debug\cy_prot.o
 .debug_aranges
                0x00000470       0xa8 .\CortexM0p\ARM_GCC_541\Debug\cy_sysclk.o
 .debug_aranges
                0x00000518       0x58 .\CortexM0p\ARM_GCC_541\Debug\cy_sysint.o
 .debug_aranges
                0x00000570       0x80 .\CortexM0p\ARM_GCC_541\Debug\cy_syslib.o
 .debug_aranges
                0x000005f0       0x20 .\CortexM0p\ARM_GCC_541\Debug\cy_syslib_gcc.o
 .debug_aranges
                0x00000610      0x118 .\CortexM0p\ARM_GCC_541\Debug\cy_syspm.o
 .debug_aranges
                0x00000728       0x58 .\CortexM0p\ARM_GCC_541\Debug\cy_systick.o
 .debug_aranges
                0x00000780       0x58 .\CortexM0p\ARM_GCC_541\Debug\cy_wdt.o
 .debug_aranges
                0x000007d8       0x20 .\CortexM0p\ARM_GCC_541\Debug\cy_device.o

.debug_ranges   0x00000000      0x7a0
 .debug_ranges  0x00000000       0x10 .\CortexM0p\ARM_GCC_541\Debug\main_cm0p.o
 .debug_ranges  0x00000010       0x68 .\CortexM0p\ARM_GCC_541\Debug\system_psoc6_cm0plus.o
 .debug_ranges  0x00000078       0x38 .\CortexM0p\ARM_GCC_541\Debug\cyfitter_cfg.o
 .debug_ranges  0x000000b0       0xc8 .\CortexM0p\ARM_GCC_541\Debug\cy_flash.o
 .debug_ranges  0x00000178       0x38 .\CortexM0p\ARM_GCC_541\Debug\cy_gpio.o
 .debug_ranges  0x000001b0       0x20 .\CortexM0p\ARM_GCC_541\Debug\cy_ipc_drv.o
 .debug_ranges  0x000001d0       0x38 .\CortexM0p\ARM_GCC_541\Debug\cy_ipc_sema.o
 .debug_ranges  0x00000208       0x58 .\CortexM0p\ARM_GCC_541\Debug\cy_ipc_pipe.o
 .debug_ranges  0x00000260      0x188 .\CortexM0p\ARM_GCC_541\Debug\cy_prot.o
 .debug_ranges  0x000003e8      0x128 .\CortexM0p\ARM_GCC_541\Debug\cy_sysclk.o
 .debug_ranges  0x00000510       0x48 .\CortexM0p\ARM_GCC_541\Debug\cy_sysint.o
 .debug_ranges  0x00000558       0x70 .\CortexM0p\ARM_GCC_541\Debug\cy_syslib.o
 .debug_ranges  0x000005c8      0x138 .\CortexM0p\ARM_GCC_541\Debug\cy_syspm.o
 .debug_ranges  0x00000700       0x48 .\CortexM0p\ARM_GCC_541\Debug\cy_systick.o
 .debug_ranges  0x00000748       0x48 .\CortexM0p\ARM_GCC_541\Debug\cy_wdt.o
 .debug_ranges  0x00000790       0x10 .\CortexM0p\ARM_GCC_541\Debug\cy_device.o

.debug_str      0x00000000     0xb768
 .debug_str     0x00000000      0xb93 .\CortexM0p\ARM_GCC_541\Debug\main_cm0p.o
                                0xc08 (size before relaxing)
 .debug_str     0x00000b93     0x14fb .\CortexM0p\ARM_GCC_541\Debug\system_psoc6_cm0plus.o
                               0x1e3b (size before relaxing)
 .debug_str     0x0000208e     0x153d .\CortexM0p\ARM_GCC_541\Debug\cyfitter_cfg.o
                               0x21d5 (size before relaxing)
 .debug_str     0x000035cb       0x30 .\CortexM0p\ARM_GCC_541\Debug\cymetadata.o
                                0x1fe (size before relaxing)
 .debug_str     0x000035fb     0x1030 .\CortexM0p\ARM_GCC_541\Debug\cy_flash.o
                               0x1d61 (size before relaxing)
 .debug_str     0x0000462b     0x2e86 .\CortexM0p\ARM_GCC_541\Debug\cy_gpio.o
                               0x3758 (size before relaxing)
 .debug_str     0x000074b1       0xfd .\CortexM0p\ARM_GCC_541\Debug\cy_ipc_drv.o
                                0x9a0 (size before relaxing)
 .debug_str     0x000075ae       0xe0 .\CortexM0p\ARM_GCC_541\Debug\cy_ipc_sema.o
                                0xb8d (size before relaxing)
 .debug_str     0x0000768e     0x12c2 .\CortexM0p\ARM_GCC_541\Debug\cy_ipc_pipe.o
                               0x2264 (size before relaxing)
 .debug_str     0x00008950      0xe0c .\CortexM0p\ARM_GCC_541\Debug\cy_prot.o
                               0x1718 (size before relaxing)
 .debug_str     0x0000975c      0x7b4 .\CortexM0p\ARM_GCC_541\Debug\cy_sysclk.o
                               0x1ee5 (size before relaxing)
 .debug_str     0x00009f10      0x39f .\CortexM0p\ARM_GCC_541\Debug\cy_sysint.o
                               0x20ab (size before relaxing)
 .debug_str     0x0000a2af      0x23c .\CortexM0p\ARM_GCC_541\Debug\cy_syslib.o
                               0x1b56 (size before relaxing)
 .debug_str     0x0000a4eb      0xf81 .\CortexM0p\ARM_GCC_541\Debug\cy_syspm.o
                               0x2b41 (size before relaxing)
 .debug_str     0x0000b46c      0x1e0 .\CortexM0p\ARM_GCC_541\Debug\cy_systick.o
                                0xa5a (size before relaxing)
 .debug_str     0x0000b64c       0xbf .\CortexM0p\ARM_GCC_541\Debug\cy_wdt.o
                                0x73d (size before relaxing)
 .debug_str     0x0000b70b       0x5d .\CortexM0p\ARM_GCC_541\Debug\cy_device.o
                                0x80c (size before relaxing)

.debug_frame    0x00000000     0x1794
 .debug_frame   0x00000000       0x2c .\CortexM0p\ARM_GCC_541\Debug\main_cm0p.o
 .debug_frame   0x0000002c       0xfc .\CortexM0p\ARM_GCC_541\Debug\system_psoc6_cm0plus.o
 .debug_frame   0x00000128       0xc0 .\CortexM0p\ARM_GCC_541\Debug\cyfitter_cfg.o
 .debug_frame   0x000001e8      0x218 .\CortexM0p\ARM_GCC_541\Debug\cy_flash.o
 .debug_frame   0x00000400       0xec .\CortexM0p\ARM_GCC_541\Debug\cy_gpio.o
 .debug_frame   0x000004ec       0x70 .\CortexM0p\ARM_GCC_541\Debug\cy_ipc_drv.o
 .debug_frame   0x0000055c       0xbc .\CortexM0p\ARM_GCC_541\Debug\cy_ipc_sema.o
 .debug_frame   0x00000618      0x150 .\CortexM0p\ARM_GCC_541\Debug\cy_ipc_pipe.o
 .debug_frame   0x00000768      0x5b8 .\CortexM0p\ARM_GCC_541\Debug\cy_prot.o
 .debug_frame   0x00000d20      0x27c .\CortexM0p\ARM_GCC_541\Debug\cy_sysclk.o
 .debug_frame   0x00000f9c       0xe4 .\CortexM0p\ARM_GCC_541\Debug\cy_sysint.o
 .debug_frame   0x00001080      0x138 .\CortexM0p\ARM_GCC_541\Debug\cy_syslib.o
 .debug_frame   0x000011b8      0x3bc .\CortexM0p\ARM_GCC_541\Debug\cy_syspm.o
 .debug_frame   0x00001574       0xac .\CortexM0p\ARM_GCC_541\Debug\cy_systick.o
 .debug_frame   0x00001620       0xc0 .\CortexM0p\ARM_GCC_541\Debug\cy_wdt.o
 .debug_frame   0x000016e0       0x20 .\CortexM0p\ARM_GCC_541\Debug\cy_device.o
 .debug_frame   0x00001700       0x20 e:/applications/psoc/psoc creator/4.3/psoc creator/import/gnu/arm/5.4.1/bin/../lib/gcc/arm-none-eabi/5.4.1/armv6-m\libgcc.a(_udivsi3.o)
 .debug_frame   0x00001720       0x28 e:/applications/psoc/psoc creator/4.3/psoc creator/import/gnu/arm/5.4.1/bin/../lib/gcc/arm-none-eabi/5.4.1/../../../../arm-none-eabi/lib/armv6-m\libg_nano.a(lib_a-memcpy-stub.o)
 .debug_frame   0x00001748       0x20 e:/applications/psoc/psoc creator/4.3/psoc creator/import/gnu/arm/5.4.1/bin/../lib/gcc/arm-none-eabi/5.4.1/../../../../arm-none-eabi/lib/armv6-m\libg_nano.a(lib_a-memset.o)
 .debug_frame   0x00001768       0x2c e:/applications/psoc/psoc creator/4.3/psoc creator/import/gnu/arm/5.4.1/bin/../lib/gcc/arm-none-eabi/5.4.1/../../../../arm-none-eabi/lib/armv6-m\libg_nano.a(lib_a-strncpy.o)

.debug_loc      0x00000000     0x7a4c
 .debug_loc     0x00000000      0x358 .\CortexM0p\ARM_GCC_541\Debug\system_psoc6_cm0plus.o
 .debug_loc     0x00000358      0x65a .\CortexM0p\ARM_GCC_541\Debug\cyfitter_cfg.o
 .debug_loc     0x000009b2      0xd3c .\CortexM0p\ARM_GCC_541\Debug\cy_flash.o
 .debug_loc     0x000016ee      0x815 .\CortexM0p\ARM_GCC_541\Debug\cy_gpio.o
 .debug_loc     0x00001f03      0x303 .\CortexM0p\ARM_GCC_541\Debug\cy_ipc_drv.o
 .debug_loc     0x00002206      0x7fa .\CortexM0p\ARM_GCC_541\Debug\cy_ipc_sema.o
 .debug_loc     0x00002a00      0x778 .\CortexM0p\ARM_GCC_541\Debug\cy_ipc_pipe.o
 .debug_loc     0x00003178     0x1858 .\CortexM0p\ARM_GCC_541\Debug\cy_prot.o
 .debug_loc     0x000049d0     0x1878 .\CortexM0p\ARM_GCC_541\Debug\cy_sysclk.o
 .debug_loc     0x00006248      0x4bc .\CortexM0p\ARM_GCC_541\Debug\cy_sysint.o
 .debug_loc     0x00006704      0x239 .\CortexM0p\ARM_GCC_541\Debug\cy_syslib.o
 .debug_loc     0x0000693d      0xf1d .\CortexM0p\ARM_GCC_541\Debug\cy_syspm.o
 .debug_loc     0x0000785a      0x19a .\CortexM0p\ARM_GCC_541\Debug\cy_systick.o
 .debug_loc     0x000079f4       0x58 .\CortexM0p\ARM_GCC_541\Debug\cy_wdt.o
