#-----------------------------------------------------------
# Vivado v2020.2 (64-bit)
# SW Build 3064766 on Wed Nov 18 09:12:45 MST 2020
# IP Build 3064653 on Wed Nov 18 14:17:31 MST 2020
# Start of session at: Wed Apr  7 15:27:20 2021
# Process ID: 26840
# Current directory: D:/SeniorProject/Oscilloscope_Senior_Project/Verilog/FullSystem
# Command line: vivado.exe -gui_launcher_event rodinguilauncherevent24096 D:\SeniorProject\Oscilloscope_Senior_Project\Verilog\FullSystem\FullSystem.xpr
# Log file: D:/SeniorProject/Oscilloscope_Senior_Project/Verilog/FullSystem/vivado.log
# Journal file: D:/SeniorProject/Oscilloscope_Senior_Project/Verilog/FullSystem\vivado.jou
#-----------------------------------------------------------
start_gui
open_project D:/SeniorProject/Oscilloscope_Senior_Project/Verilog/FullSystem/FullSystem.xpr
update_compile_order -fileset sources_1
reset_run synth_1
launch_runs impl_1 -to_step write_bitstream -jobs 4
wait_on_run impl_1
reset_run synth_1
launch_runs impl_1 -to_step write_bitstream -jobs 4
wait_on_run impl_1
reset_run synth_1
launch_runs impl_1 -to_step write_bitstream -jobs 4
wait_on_run impl_1
